Using CPython 3.11.15
Creating virtual environment at: E:\programming\AI_generative\fm-live-radio\third_party\irodori-wp1-acceptance-venv
Resolved 133 packages in 1ms
warning: Failed to hardlink files; falling back to full copy. This may lead to degraded performance.
         If the cache and target directories are on different filesystems, hardlinking may not be supported.
         If this is intentional, set `export UV_LINK_MODE=copy` or use `--link-mode=copy` to suppress this warning.
Installed 112 packages in 1m 16s
 + absl-py==2.5.0
 + annotated-doc==0.0.5
 + anyio==4.15.1
 + argbind==0.3.9
 + asttokens==3.0.2
 + audioread==3.1.0
 + certifi==2026.7.22
 + cffi==2.1.1
 + charset-normalizer==3.5.1
 + click==8.5.0
 + cloudpickle==3.1.2
 + colorama==0.4.6
 + coloredlogs==15.0.1
 + contourpy==1.3.3
 + cycler==0.12.1
 + dacvae==1.0.0 (from git+https://github.com/facebookresearch/dacvae@414c20785fc3a28373073ea8ef7a1316eeeaca6e)
 + decorator==5.3.1
 + descript-audiotools==0.7.2
 + docstring-parser==0.18.0
 + einops==0.8.2
 + executing==2.2.1
 + ffmpy==1.0.0
 + filelock==3.32.5
 + fire==0.7.1
 + flatbuffers==25.12.19
 + flatten-dict==0.5.0
 + fonttools==4.64.0
 + fsspec==2026.7.0
 + grpcio==1.83.1
 + h11==0.16.0
 + hf-xet==1.6.0
 + httpcore==1.0.9
 + httpx==0.28.1
 + huggingface-hub==1.23.0
 + humanfriendly==10.0
 + idna==3.19
 + importlib-resources==7.1.0
 + ipython==9.17.1
 + ipython-pygments-lexers==1.1.1
 + jedi==0.20.0
 + jinja2==3.1.6
 + joblib==1.6.0
 + julius==0.2.8
 + kiwisolver==1.5.1
 + lazy-loader==0.5
 + librosa==0.11.0
 + llvmlite==0.49.0
 + markdown==3.10.3
 + markdown-it-py==4.2.0
 + markdown2==2.5.5
 + markupsafe==3.0.3
 + matplotlib==3.11.1
 + matplotlib-inline==0.2.2
 + mdurl==0.1.2
 + ml-dtypes==0.6.0
 + mpmath==1.3.0
 + msgpack==1.2.2
 + narwhals==2.25.0
 + networkx==3.6.1
 + numba==0.67.0
 + numpy==2.4.6
 + onnx==1.19.0
 + onnxruntime-gpu==1.22.0
 + packaging==26.3
 + parso==0.8.7
 + pillow==12.3.0
 + platformdirs==4.11.7
 + pooch==1.9.0
 + prompt-toolkit==3.0.53
 + protobuf==7.36.1
 + psutil==7.2.2
 + pure-eval==0.2.3
 + pycparser==3.0
 + pygments==2.21.0
 + pyloudnorm==0.2.0
 + pyparsing==3.3.2
 + pyreadline3==3.5.6
 + pystoi==0.4.1
 + python-dateutil==2.9.0.post0
 + pyyaml==6.0.3
 + randomname==0.2.1
 + regex==2026.9.3
 + requests==2.34.2
 + rich==15.0.0
 + safetensors==0.6.2
 + scikit-learn==1.9.0
 + scipy==1.17.1
 + sentencepiece==0.1.99
 + setuptools==84.0.0
 + shellingham==1.5.4
 + six==1.17.0
 + soundfile==0.13.1
 + soxr==1.1.0
 + stack-data==0.6.3
 + sympy==1.14.0
 + tensorboard==2.21.0
 + tensorboard-data-server==0.7.2
 + termcolor==3.3.0
 + threadpoolctl==3.6.0
 + tokenizers==0.22.2
 + torch==2.10.0+cu128
 + torch-stoi==0.2.3
 + torchaudio==2.10.0+cu128
 + torchcodec==0.10.0
 + tqdm==4.70.0
 + traitlets==5.16.1
 + transformers==5.12.1
 + typer==0.27.2
 + typing-extensions==4.16.0
 + urllib3==2.7.0
 + wcwidth==0.8.3
 + werkzeug==3.1.8
