E:\programming\AI_generative\fm-live-radio\tools\irodori_export\export.py:327: DeprecationWarning: You are using the legacy TorchScript-based ONNX export. Starting in PyTorch 2.9, the new torch.export-based ONNX exporter has become the default. Learn more about the new export logic: https://docs.pytorch.org/docs/stable/onnx_export.html. For exporting control flow: https://pytorch.org/tutorials/beginner/onnx/export_control_flow_model_to_onnx_tutorial.html
  torch.onnx.export(
E:\programming\AI_generative\fm-live-radio\third_party\irodori-v4-research\Irodori-TTS-8224dafb46d0aba89209a8f905f1cb7e3299d9c1\irodori_tts\model.py:2065: TracerWarning: Converting a tensor to a Python boolean might cause the trace to be incorrect. We can't record the data flow of Python values, so this value will be treated as a constant in the future. This means that the trace might not generalize to other inputs!
  if duration_features.shape[1] != self.cfg.duration_aux_dim:
E:\programming\AI_generative\fm-live-radio\third_party\irodori-v4-research\Irodori-TTS-8224dafb46d0aba89209a8f905f1cb7e3299d9c1\irodori_tts\model.py:1301: TracerWarning: Converting a tensor to a Python boolean might cause the trace to be incorrect. We can't record the data flow of Python values, so this value will be treated as a constant in the future. This means that the trace might not generalize to other inputs!
  if text_state.ndim != 3 or text_state.shape[-1] != self.text_dim:
E:\programming\AI_generative\fm-live-radio\third_party\irodori-v4-research\Irodori-TTS-8224dafb46d0aba89209a8f905f1cb7e3299d9c1\irodori_tts\model.py:1305: TracerWarning: Converting a tensor to a Python boolean might cause the trace to be incorrect. We can't record the data flow of Python values, so this value will be treated as a constant in the future. This means that the trace might not generalize to other inputs!
  if aux_features.ndim != 2 or aux_features.shape[1] != self.aux_dim:
E:\programming\AI_generative\fm-live-radio\third_party\irodori-v4-research\Irodori-TTS-8224dafb46d0aba89209a8f905f1cb7e3299d9c1\irodori_tts\model.py:1309: TracerWarning: Converting a tensor to a Python boolean might cause the trace to be incorrect. We can't record the data flow of Python values, so this value will be treated as a constant in the future. This means that the trace might not generalize to other inputs!
  if aux_features.shape[0] != text_state.shape[0]:
E:\programming\AI_generative\fm-live-radio\third_party\irodori-v4-research\Irodori-TTS-8224dafb46d0aba89209a8f905f1cb7e3299d9c1\irodori_tts\model.py:433: TracerWarning: Converting a tensor to a Python boolean might cause the trace to be incorrect. We can't record the data flow of Python values, so this value will be treated as a constant in the future. This means that the trace might not generalize to other inputs!
  if mask.ndim != 2 or mask.shape[0] != x.shape[0] or mask.shape[1] != x.shape[1]:
E:\programming\AI_generative\fm-live-radio\third_party\irodori-v4-research\Irodori-TTS-8224dafb46d0aba89209a8f905f1cb7e3299d9c1\irodori_tts\model.py:440: TracerWarning: Converting a tensor to a Python boolean might cause the trace to be incorrect. We can't record the data flow of Python values, so this value will be treated as a constant in the future. This means that the trace might not generalize to other inputs!
  if bool(has_any.all()):
E:\programming\AI_generative\fm-live-radio\third_party\irodori-v4-research\Irodori-TTS-8224dafb46d0aba89209a8f905f1cb7e3299d9c1\irodori_tts\model.py:1328: TracerWarning: Converting a tensor to a Python boolean might cause the trace to be incorrect. We can't record the data flow of Python values, so this value will be treated as a constant in the future. This means that the trace might not generalize to other inputs!
  if has_speaker.ndim != 1 or has_speaker.shape[0] != text_state.shape[0]:
E:\programming\AI_generative\fm-live-radio\third_party\irodori-v4-research\Irodori-TTS-8224dafb46d0aba89209a8f905f1cb7e3299d9c1\irodori_tts\model.py:1196: TracerWarning: Converting a tensor to a Python boolean might cause the trace to be incorrect. We can't record the data flow of Python values, so this value will be treated as a constant in the future. This means that the trace might not generalize to other inputs!
  if speaker_state.ndim != 3 or speaker_state.shape[0] != batch_size:
E:\programming\AI_generative\fm-live-radio\third_party\irodori-v4-research\Irodori-TTS-8224dafb46d0aba89209a8f905f1cb7e3299d9c1\irodori_tts\model.py:1200: TracerWarning: Converting a tensor to a Python boolean might cause the trace to be incorrect. We can't record the data flow of Python values, so this value will be treated as a constant in the future. This means that the trace might not generalize to other inputs!
  if speaker_state.shape[-1] != self.speaker_dim:
E:\programming\AI_generative\fm-live-radio\third_party\irodori-v4-research\Irodori-TTS-8224dafb46d0aba89209a8f905f1cb7e3299d9c1\irodori_tts\model.py:1350: TracerWarning: Converting a tensor to a Python boolean might cause the trace to be incorrect. We can't record the data flow of Python values, so this value will be treated as a constant in the future. This means that the trace might not generalize to other inputs!
  if has_caption.ndim != 1 or has_caption.shape[0] != text_state.shape[0]:
E:\programming\AI_generative\fm-live-radio\third_party\irodori-v4-research\Irodori-TTS-8224dafb46d0aba89209a8f905f1cb7e3299d9c1\irodori_tts\model.py:1222: TracerWarning: Converting a tensor to a Python boolean might cause the trace to be incorrect. We can't record the data flow of Python values, so this value will be treated as a constant in the future. This means that the trace might not generalize to other inputs!
  if caption_state.ndim != 3 or caption_state.shape[0] != batch_size:
E:\programming\AI_generative\fm-live-radio\third_party\irodori-v4-research\Irodori-TTS-8224dafb46d0aba89209a8f905f1cb7e3299d9c1\irodori_tts\model.py:1226: TracerWarning: Converting a tensor to a Python boolean might cause the trace to be incorrect. We can't record the data flow of Python values, so this value will be treated as a constant in the future. This means that the trace might not generalize to other inputs!
  if caption_state.shape[-1] != self.caption_dim:
E:\programming\AI_generative\fm-live-radio\third_party\irodori-v4-research\Irodori-TTS-8224dafb46d0aba89209a8f905f1cb7e3299d9c1\irodori_tts\model.py:1235: TracerWarning: Converting a tensor to a Python boolean might cause the trace to be incorrect. We can't record the data flow of Python values, so this value will be treated as a constant in the future. This means that the trace might not generalize to other inputs!
  elif caption_mask.ndim != 2 or caption_mask.shape[:2] != caption_state.shape[:2]:
{
  "schema_version": 2,
  "model_family": "irodori-v4",
  "model_release": "v4.1-small",
  "model_revision": "2b28324dc263ed5e6638b3cf3dd94c82ead07b4b",
  "official_source": {
    "repository": "Aratako/Irodori-TTS",
    "revision": "8224dafb46d0aba89209a8f905f1cb7e3299d9c1",
    "content_sha256": "f159d56bdbde0e6ada8d8fec875a4c66c540baff23425fe661ae000f6a7b437f"
  },
  "exporter": {
    "repository": "fm-live-radio/tools/irodori_export",
    "python": "3.11.15",
    "torch": "2.10.0+cu128",
    "opset": 18,
    "device": "cpu",
    "precision": "float32",
    "files_sha256": {
      "export.py": "df877c2e1a1a2106f3c0c93561daf87d81fb279fd5454648451fbb60326a8f13",
      "parity.py": "fd9fb75305869511c9c38c11b188bd8bf17e281d038657c8794ab61ba149c153",
      "externalize.py": "b45dca0f44f4b5d4cdf232ce22653da3189a7b893fb4b7f1b2d3fb7fc60b3f26",
      "merge_manifest.py": "09ebdcf8e8ced2b7aa5f309c34b5a091ce209dcc202fe0f10eded1bb8a2b8255",
      "pyproject.toml": "0b86ddbf456a13973563bcb79d645ea593adea1ac164052418196fec3c313f63",
      "uv.lock": "1f47f490fbf1e45ce70d1b1a503822398010e87579d8fb2bb88c0a1fa8670748",
      "mise.toml": "86d0a280d8e071a2129e17839e1288643adc25141b84317750b3d1f2100a6e01"
    }
  },
  "tokenizer": {
    "repository": "sbintuitions/modernbert-ja-310m",
    "revision": "77675fc96a7e445e982e2ba90246b816efc74ec6",
    "path": "tokenizer/tokenizer.json",
    "sha256": "6a0734cf21c802169defaffe719bc2ef12bb9d0be37e54b61ed27aa89394723d",
    "special_ids": {
      "bos": 1,
      "eos": 2,
      "pad": 3
    },
    "text_max_length": 256,
    "caption_max_length": 512,
    "max_ref_seconds": 120.0
  },
  "codec": {
    "repository": "Aratako/Semantic-DACVAE-Japanese-32dim",
    "weights_revision": "47376ee24834d7a05a48ebabfe3cde29b3c5e214",
    "code_revision": "414c20785fc3a28373073ea8ef7a1316eeeaca6e",
    "sample_rate": 48000,
    "latent_dim": 32,
    "hop_length": 1920,
    "deterministic_encode": true,
    "deterministic_decode": true
  },
  "licenses": {
    "official_code": {
      "spdx": "MIT",
      "source": "https://github.com/Aratako/Irodori-TTS/blob/8224dafb46d0aba89209a8f905f1cb7e3299d9c1/LICENSE"
    },
    "model": {
      "spdx": "MIT",
      "source": "https://huggingface.co/Aratako/Irodori-TTS-v4.1-Small"
    },
    "codec_code": {
      "spdx": "MIT",
      "source": "https://github.com/facebookresearch/dacvae/blob/414c20785fc3a28373073ea8ef7a1316eeeaca6e/LICENSE"
    },
    "codec_model": {
      "spdx": "MIT",
      "source": "https://huggingface.co/Aratako/Semantic-DACVAE-Japanese-32dim"
    },
    "distribution_targets": [
      "model/irodori-v4.1/*.onnx",
      "model/irodori-v4.1/*.onnx.data",
      "model/irodori-v4.1/tokenizer/tokenizer.json"
    ],
    "development_only": [
      "tools/irodori_export/.venv",
      "tools/irodori_export/uv.lock"
    ],
    "notice_sources": [
      "https://github.com/Aratako/Irodori-TTS/blob/8224dafb46d0aba89209a8f905f1cb7e3299d9c1/LICENSE",
      "https://github.com/facebookresearch/dacvae/blob/414c20785fc3a28373073ea8ef7a1316eeeaca6e/LICENSE"
    ]
  },
  "conditions": {
    "text_dim": 512,
    "caption_dim": 512,
    "speaker_dim": 768,
    "speaker_patch_size": 4,
    "duration_aux_dim": 14,
    "duration_architecture": "token_sum_dual_adarn_zero_no_aux",
    "duration_token_init_frames": 9.0,
    "latent_dim": 32,
    "latent_patch_size": 1
  },
  "checkpoint": {
    "path": "E:\\programming\\AI_generative\\fm-live-radio\\third_party\\irodori-v4-research\\Irodori-TTS-v4.1-Small\\model.safetensors",
    "sha256": "c85de88c01700cb53538e706f128ebcb1b8513ad21d7d0e75f58bc82cdbf89f6",
    "bytes": 3064295596
  },
  "graphs": {
    "duration_predictor": {
      "path": "duration_predictor.onnx",
      "inputs": [
        "text_state",
        "text_mask",
        "speaker_state",
        "speaker_mask",
        "caption_state",
        "caption_mask",
        "duration_features",
        "has_speaker",
        "has_caption"
      ],
      "outputs": [
        "log_frames"
      ],
      "dynamic_axes": {
        "text_state": {
          "0": "batch",
          "1": "text_seq"
        },
        "text_mask": {
          "0": "batch",
          "1": "text_seq"
        },
        "speaker_state": {
          "0": "batch",
          "1": "speaker_seq"
        },
        "speaker_mask": {
          "0": "batch",
          "1": "speaker_seq"
        },
        "caption_state": {
          "0": "batch",
          "1": "caption_seq"
        },
        "caption_mask": {
          "0": "batch",
          "1": "caption_seq"
        },
        "duration_features": {
          "0": "batch"
        },
        "has_speaker": {
          "0": "batch"
        },
        "has_caption": {
          "0": "batch"
        },
        "log_frames": {
          "0": "batch"
        }
      },
      "opset": 18,
      "bytes": 87170025,
      "sha256": "5ff9498a34d0802cd188adffc25286067b617f201f9f3dc1ab02995a234b4b7a",
      "seconds": 0.67,
      "io": {
        "inputs": [
          {
            "name": "text_state",
            "dtype": "FLOAT",
            "shape": [
              "batch",
              "text_seq",
              512
            ]
          },
          {
            "name": "text_mask",
            "dtype": "BOOL",
            "shape": [
              "batch",
              "text_seq"
            ]
          },
          {
            "name": "speaker_state",
            "dtype": "FLOAT",
            "shape": [
              "batch",
              "speaker_seq",
              768
            ]
          },
          {
            "name": "speaker_mask",
            "dtype": "BOOL",
            "shape": [
              "batch",
              "speaker_seq"
            ]
          },
          {
            "name": "caption_state",
            "dtype": "FLOAT",
            "shape": [
              "batch",
              "caption_seq",
              512
            ]
          },
          {
            "name": "caption_mask",
            "dtype": "BOOL",
            "shape": [
              "batch",
              "caption_seq"
            ]
          },
          {
            "name": "duration_features",
            "dtype": "FLOAT",
            "shape": [
              "batch",
              14
            ]
          },
          {
            "name": "has_speaker",
            "dtype": "BOOL",
            "shape": [
              "batch"
            ]
          },
          {
            "name": "has_caption",
            "dtype": "BOOL",
            "shape": [
              "batch"
            ]
          }
        ],
        "outputs": [
          {
            "name": "log_frames",
            "dtype": "FLOAT",
            "shape": [
              "batch"
            ]
          }
        ]
      }
    }
  },
  "export": {
    "started_at": "2026-09-07T14:38:39Z",
    "errors": [],
    "finished_at": "2026-09-07T14:38:39Z"
  },
  "fixtures": {
    "path": "fixtures.json",
    "sha256": "abb232f19e1cabd37bbc3df1d004aaac3b602d47f54a496dc5f8826808da219c",
    "seed": 0,
    "conditions": [
      "reference",
      "caption",
      "reference+caption",
      "null"
    ]
  },
  "external_data": []
}
