[codec] dacvae: hf://Aratako/Semantic-DACVAE-Japanese-32dim -> C:\Users\rero2\.cache\huggingface\hub\models--Aratako--Semantic-DACVAE-Japanese-32dim\snapshots\47376ee24834d7a05a48ebabfe3cde29b3c5e214\weights.pth
{
  "schema_version": 2,
  "model_family": "irodori-v4",
  "model_release": "v4.1-small",
  "model_revision": "2b28324dc263ed5e6638b3cf3dd94c82ead07b4b",
  "official_source": {
    "repository": "Aratako/Irodori-TTS",
    "revision": "8224dafb46d0aba89209a8f905f1cb7e3299d9c1",
    "content_sha256": "f159d56bdbde0e6ada8d8fec875a4c66c540baff23425fe661ae000f6a7b437f"
  },
  "exporter": {
    "repository": "fm-live-radio/tools/irodori_export",
    "python": "3.11.15",
    "torch": "2.10.0+cu128",
    "opset": 18,
    "device": "cpu",
    "precision": "float32",
    "files_sha256": {
      "export.py": "51635313590fa775ac119e8f95ae928c45a791f6ed11be37982a6a35092b5959",
      "parity.py": "e381521fdb266d50efa228622256a38b4c40cad095a736b2e5a5c5d973bfe128",
      "externalize.py": "b45dca0f44f4b5d4cdf232ce22653da3189a7b893fb4b7f1b2d3fb7fc60b3f26",
      "merge_manifest.py": "1a6e16642efd2c7ead3063764c252e62b5355d3e0db6da21c2508b409ac6db0d",
      "pyproject.toml": "0b86ddbf456a13973563bcb79d645ea593adea1ac164052418196fec3c313f63",
      "uv.lock": "1f47f490fbf1e45ce70d1b1a503822398010e87579d8fb2bb88c0a1fa8670748",
      "mise.toml": "86d0a280d8e071a2129e17839e1288643adc25141b84317750b3d1f2100a6e01"
    }
  },
  "tokenizer": {
    "repository": "sbintuitions/modernbert-ja-310m",
    "revision": "77675fc96a7e445e982e2ba90246b816efc74ec6",
    "path": "tokenizer/tokenizer.json",
    "sha256": "6a0734cf21c802169defaffe719bc2ef12bb9d0be37e54b61ed27aa89394723d",
    "special_ids": {
      "bos": 1,
      "eos": 2,
      "pad": 3
    },
    "text_max_length": 256,
    "caption_max_length": 512,
    "max_ref_seconds": 120.0
  },
  "codec": {
    "repository": "Aratako/Semantic-DACVAE-Japanese-32dim",
    "weights_revision": "47376ee24834d7a05a48ebabfe3cde29b3c5e214",
    "code_revision": "414c20785fc3a28373073ea8ef7a1316eeeaca6e",
    "sample_rate": 48000,
    "latent_dim": 32,
    "hop_length": 1920,
    "deterministic_encode": true,
    "deterministic_decode": true,
    "device": "cpu",
    "dtype": "torch.float32",
    "source": "Aratako/Semantic-DACVAE-Japanese-32dim",
    "weights_sha256": "022b6ad793fcb264e295f8773401f7a440e5b51299028a9ec5a55e8252298cb1"
  },
  "licenses": {
    "official_code": {
      "spdx": "MIT",
      "source": "https://github.com/Aratako/Irodori-TTS/blob/8224dafb46d0aba89209a8f905f1cb7e3299d9c1/LICENSE"
    },
    "model": {
      "spdx": "MIT",
      "source": "https://huggingface.co/Aratako/Irodori-TTS-v4.1-Small"
    },
    "codec_code": {
      "spdx": "MIT",
      "source": "https://github.com/facebookresearch/dacvae/blob/414c20785fc3a28373073ea8ef7a1316eeeaca6e/LICENSE"
    },
    "codec_model": {
      "spdx": "MIT",
      "source": "https://huggingface.co/Aratako/Semantic-DACVAE-Japanese-32dim"
    }
  },
  "conditions": {
    "text_dim": 512,
    "caption_dim": 512,
    "speaker_dim": 768,
    "speaker_patch_size": 4,
    "duration_aux_dim": 14,
    "duration_architecture": "token_sum_dual_adarn_zero_no_aux",
    "duration_token_init_frames": 9.0,
    "latent_dim": 32,
    "latent_patch_size": 1
  },
  "checkpoint": {
    "path": "E:\\programming\\AI_generative\\fm-live-radio\\third_party\\irodori-v4-research\\Irodori-TTS-v4.1-Small\\model.safetensors",
    "sha256": "c85de88c01700cb53538e706f128ebcb1b8513ad21d7d0e75f58bc82cdbf89f6",
    "bytes": 3064295596
  },
  "graphs": {
    "codec_encoder": {
      "path": "codec_encoder.onnx",
      "inputs": [
        "waveform"
      ],
      "outputs": [
        "latent"
      ],
      "dynamic_axes": {
        "waveform": {
          "0": "batch",
          "2": "samples"
        },
        "latent": {
          "0": "batch",
          "1": "latent_seq"
        }
      },
      "opset": 18,
      "bytes": 109518103,
      "sha256": "db559619869407401c47377850f065b9de908468c0dbfcaf73600594ed65632a",
      "seconds": 0.797,
      "io": {
        "inputs": [
          {
            "name": "waveform",
            "dtype": "FLOAT",
            "shape": [
              "batch",
              1,
              "samples"
            ]
          }
        ],
        "outputs": [
          {
            "name": "latent",
            "dtype": "FLOAT",
            "shape": [
              "batch",
              "latent_seq",
              "Transposelatent_dim_2"
            ]
          }
        ]
      }
    },
    "codec_decoder": {
      "path": "codec_decoder.onnx",
      "inputs": [
        "latent"
      ],
      "outputs": [
        "waveform"
      ],
      "dynamic_axes": {
        "latent": {
          "0": "batch",
          "1": "latent_seq"
        },
        "waveform": {
          "0": "batch",
          "2": "samples"
        }
      },
      "opset": 18,
      "bytes": 261487982,
      "sha256": "d0243cbfc07a7ad2050ef6a077c9cac1b8474b49eae030ed51e613d0136da2a4",
      "seconds": 1.487,
      "io": {
        "inputs": [
          {
            "name": "latent",
            "dtype": "FLOAT",
            "shape": [
              "batch",
              "latent_seq",
              32
            ]
          }
        ],
        "outputs": [
          {
            "name": "waveform",
            "dtype": "FLOAT",
            "shape": [
              "batch",
              1,
              "samples"
            ]
          }
        ]
      }
    }
  },
  "export": {
    "started_at": "2026-09-07T14:24:43Z",
    "errors": [],
    "finished_at": "2026-09-07T14:24:50Z"
  },
  "fixtures": {
    "path": "fixtures.json",
    "sha256": "abb232f19e1cabd37bbc3df1d004aaac3b602d47f54a496dc5f8826808da219c",
    "seed": 0,
    "conditions": [
      "reference",
      "caption",
      "reference+caption",
      "null"
    ]
  },
  "external_data": [
    {
      "path": "codec_decoder.onnx.data",
      "bytes": 784207512,
      "sha256": "0c347861e1e54f5de952ed6569233699b3733168bec6cb46baffbba97c171a03"
    },
    {
      "path": "codec_encoder.onnx.data",
      "bytes": 328270848,
      "sha256": "3dccd9415e95cadad8432b9aee107eddf3ae0dec3b76f6b9f1968fc3bfb83b7d"
    },
    {
      "path": "dit_step.onnx.data",
      "bytes": 1462937728,
      "sha256": "80360b9f1ec360d460ee6111138a6a7183249a4f6159005b954cd302c3a5c7b0"
    },
    {
      "path": "duration_predictor.onnx.data",
      "bytes": 87110660,
      "sha256": "a47e3d164c97a4a8a502323903fa7f2e2ccd33e34018514f3bda292ee7e1af17"
    },
    {
      "path": "speaker_encoder.onnx.data",
      "bytes": 484061184,
      "sha256": "2607d7d6e289f4884c7ab122f0befa36076209ef08c804390d2ab4a07988924d"
    },
    {
      "path": "text_caption_encoder.onnx.data",
      "bytes": 1272101888,
      "sha256": "1b1f641465ae6c6fa34ac4a927e074ea1b2e52965cf0f052a390172b5214bca4"
    }
  ]
}
