[codec] dacvae: hf://Aratako/Semantic-DACVAE-Japanese-32dim -> C:\Users\rero2\.cache\huggingface\hub\models--Aratako--Semantic-DACVAE-Japanese-32dim\snapshots\47376ee24834d7a05a48ebabfe3cde29b3c5e214\weights.pth
*************** EP Error ***************
EP Error 'utf-8' codec can't decode byte 0x8e in position 89: invalid start byte when using ['CPUExecutionProvider']
Falling back to ['CPUExecutionProvider'] and retrying.
****************************************
*************** EP Error ***************
EP Error 'utf-8' codec can't decode byte 0x8e in position 89: invalid start byte when using ['CPUExecutionProvider']
Falling back to ['CPUExecutionProvider'] and retrying.
****************************************
*************** EP Error ***************
EP Error 'utf-8' codec can't decode byte 0x8e in position 89: invalid start byte when using ['CPUExecutionProvider']
Falling back to ['CPUExecutionProvider'] and retrying.
****************************************
*************** EP Error ***************
EP Error 'utf-8' codec can't decode byte 0x8e in position 89: invalid start byte when using ['CPUExecutionProvider']
Falling back to ['CPUExecutionProvider'] and retrying.
****************************************
*************** EP Error ***************
EP Error 'utf-8' codec can't decode byte 0x8e in position 89: invalid start byte when using ['CPUExecutionProvider']
Falling back to ['CPUExecutionProvider'] and retrying.
****************************************
*************** EP Error ***************
EP Error 'utf-8' codec can't decode byte 0x8e in position 89: invalid start byte when using ['CPUExecutionProvider']
Falling back to ['CPUExecutionProvider'] and retrying.
****************************************
[codec] dacvae: hf://Aratako/Semantic-DACVAE-Japanese-32dim -> C:\Users\rero2\.cache\huggingface\hub\models--Aratako--Semantic-DACVAE-Japanese-32dim\snapshots\47376ee24834d7a05a48ebabfe3cde29b3c5e214\weights.pth
{
  "schema_version": 2,
  "started_at": "2026-09-07T13:48:21Z",
  "threshold": {
    "atol": 0.0001,
    "rtol": 0.001
  },
  "providers": {
    "available": [
      "TensorrtExecutionProvider",
      "CUDAExecutionProvider",
      "CPUExecutionProvider"
    ],
    "cpu": true,
    "cuda": true
  },
  "math": {
    "pytorch_tf32": false,
    "ort_cuda_use_tf32": 0
  },
  "graphs": {
    "text_caption_encoder": [
      {
        "provider": "CPUExecutionProvider",
        "graph": "text_caption_encoder",
        "path": "text_caption_encoder.onnx",
        "ok": true,
        "errors": [
          {
            "index": 0,
            "ok": true,
            "max_abs": 9.5367431640625e-07,
            "max_rel": 0.00020405789837241173,
            "comparison": "allclose"
          },
          {
            "index": 1,
            "ok": true,
            "max_abs": 9.5367431640625e-07,
            "max_rel": 9.422836592420936e-05,
            "comparison": "allclose"
          }
        ],
        "output_shapes": [
          [
            1,
            8,
            512
          ],
          [
            1,
            12,
            512
          ]
        ]
      },
      {
        "provider": "CUDAExecutionProvider",
        "graph": "text_caption_encoder",
        "path": "text_caption_encoder.onnx",
        "ok": true,
        "errors": [
          {
            "index": 0,
            "ok": true,
            "max_abs": 1.0728836059570312e-06,
            "max_rel": 0.00012179222539998591,
            "comparison": "allclose"
          },
          {
            "index": 1,
            "ok": true,
            "max_abs": 1.1920928955078125e-06,
            "max_rel": 0.00013741792645305395,
            "comparison": "allclose"
          }
        ],
        "output_shapes": [
          [
            1,
            8,
            512
          ],
          [
            1,
            12,
            512
          ]
        ]
      }
    ],
    "speaker_encoder": [
      {
        "provider": "CPUExecutionProvider",
        "graph": "speaker_encoder",
        "path": "speaker_encoder.onnx",
        "ok": true,
        "errors": [
          {
            "index": 0,
            "ok": true,
            "max_abs": 3.4570693969726562e-06,
            "max_rel": 0.006689981557428837,
            "comparison": "allclose"
          },
          {
            "index": 1,
            "ok": true,
            "comparison": "exact_bool"
          }
        ],
        "output_shapes": [
          [
            1,
            5,
            768
          ],
          [
            1,
            5
          ]
        ]
      },
      {
        "provider": "CUDAExecutionProvider",
        "graph": "speaker_encoder",
        "path": "speaker_encoder.onnx",
        "ok": true,
        "errors": [
          {
            "index": 0,
            "ok": true,
            "max_abs": 3.107823431491852e-06,
            "max_rel": 0.021604295819997787,
            "comparison": "allclose"
          },
          {
            "index": 1,
            "ok": true,
            "comparison": "exact_bool"
          }
        ],
        "output_shapes": [
          [
            1,
            5,
            768
          ],
          [
            1,
            5
          ]
        ]
      }
    ],
    "duration_predictor": [
      {
        "provider": "CPUExecutionProvider",
        "graph": "duration_predictor",
        "path": "duration_predictor.onnx",
        "ok": true,
        "errors": [
          {
            "index": 0,
            "ok": true,
            "max_abs": 0.0,
            "max_rel": 0.0,
            "comparison": "allclose"
          }
        ],
        "output_shapes": [
          [
            1
          ]
        ]
      },
      {
        "provider": "CUDAExecutionProvider",
        "graph": "duration_predictor",
        "path": "duration_predictor.onnx",
        "ok": true,
        "errors": [
          {
            "index": 0,
            "ok": true,
            "max_abs": 4.76837158203125e-07,
            "max_rel": 1.1490551088400025e-07,
            "comparison": "allclose"
          }
        ],
        "output_shapes": [
          [
            1
          ]
        ]
      }
    ],
    "dit_step": [
      {
        "provider": "CPUExecutionProvider",
        "graph": "dit_step",
        "path": "dit_step.onnx",
        "ok": true,
        "errors": [
          {
            "index": 0,
            "ok": true,
            "max_abs": 4.541128873825073e-06,
            "max_rel": 0.00017144849698524922,
            "comparison": "allclose"
          }
        ],
        "output_shapes": [
          [
            1,
            21,
            32
          ]
        ]
      },
      {
        "provider": "CUDAExecutionProvider",
        "graph": "dit_step",
        "path": "dit_step.onnx",
        "ok": true,
        "errors": [
          {
            "index": 0,
            "ok": true,
            "max_abs": 5.159527063369751e-06,
            "max_rel": 0.00020955766376573592,
            "comparison": "allclose"
          }
        ],
        "output_shapes": [
          [
            1,
            21,
            32
          ]
        ]
      }
    ],
    "codec_encoder": [
      {
        "provider": "CPUExecutionProvider",
        "graph": "codec_encoder",
        "path": "codec_encoder.onnx",
        "ok": true,
        "errors": [
          {
            "index": 0,
            "ok": true,
            "max_abs": 4.76837158203125e-06,
            "max_rel": 0.0003739346284419298,
            "comparison": "allclose"
          }
        ],
        "output_shapes": [
          [
            1,
            2,
            32
          ]
        ]
      },
      {
        "provider": "CUDAExecutionProvider",
        "graph": "codec_encoder",
        "path": "codec_encoder.onnx",
        "ok": true,
        "errors": [
          {
            "index": 0,
            "ok": true,
            "max_abs": 1.0609626770019531e-05,
            "max_rel": 0.0009885025210678577,
            "comparison": "allclose"
          }
        ],
        "output_shapes": [
          [
            1,
            2,
            32
          ]
        ]
      }
    ],
    "codec_decoder": [
      {
        "provider": "CPUExecutionProvider",
        "graph": "codec_decoder",
        "path": "codec_decoder.onnx",
        "ok": true,
        "errors": [
          {
            "index": 0,
            "ok": true,
            "max_abs": 5.438923835754395e-07,
            "max_rel": 0.07183271646499634,
            "comparison": "allclose"
          }
        ],
        "output_shapes": [
          [
            1,
            1,
            15360
          ]
        ]
      },
      {
        "provider": "CUDAExecutionProvider",
        "graph": "codec_decoder",
        "path": "codec_decoder.onnx",
        "ok": true,
        "errors": [
          {
            "index": 0,
            "ok": true,
            "max_abs": 1.087784767150879e-06,
            "max_rel": 0.4061085879802704,
            "comparison": "allclose"
          }
        ],
        "output_shapes": [
          [
            1,
            1,
            15360
          ]
        ]
      }
    ]
  },
  "dynamic_length": {
    "text_caption_encoder": [
      {
        "provider": "CPUExecutionProvider",
        "status": "executed",
        "ok": true,
        "errors": [
          {
            "index": 0,
            "ok": true,
            "max_abs": 1.1920928955078125e-06,
            "max_rel": 0.0002612141543067992,
            "comparison": "allclose"
          },
          {
            "index": 1,
            "ok": true,
            "max_abs": 1.1920928955078125e-06,
            "max_rel": 0.00010296951222699136,
            "comparison": "allclose"
          }
        ],
        "shapes": [
          [
            1,
            5,
            512
          ],
          [
            1,
            9,
            512
          ]
        ]
      },
      {
        "provider": "CUDAExecutionProvider",
        "status": "executed",
        "ok": true,
        "errors": [
          {
            "index": 0,
            "ok": true,
            "max_abs": 1.1920928955078125e-06,
            "max_rel": 0.00013247183233033866,
            "comparison": "allclose"
          },
          {
            "index": 1,
            "ok": true,
            "max_abs": 9.5367431640625e-07,
            "max_rel": 0.00012880758731625974,
            "comparison": "allclose"
          }
        ],
        "shapes": [
          [
            1,
            5,
            512
          ],
          [
            1,
            9,
            512
          ]
        ]
      }
    ],
    "speaker_encoder": [
      {
        "provider": "CPUExecutionProvider",
        "status": "executed",
        "ok": true,
        "errors": [
          {
            "index": 0,
            "ok": true,
            "max_abs": 4.06801700592041e-06,
            "max_rel": 0.019090425223112106,
            "comparison": "allclose"
          },
          {
            "index": 1,
            "ok": true,
            "comparison": "exact_bool"
          }
        ],
        "shapes": [
          [
            1,
            3,
            768
          ],
          [
            1,
            3
          ]
        ]
      },
      {
        "provider": "CUDAExecutionProvider",
        "status": "executed",
        "ok": true,
        "errors": [
          {
            "index": 0,
            "ok": true,
            "max_abs": 2.7418136596679688e-06,
            "max_rel": 0.009109167382121086,
            "comparison": "allclose"
          },
          {
            "index": 1,
            "ok": true,
            "comparison": "exact_bool"
          }
        ],
        "shapes": [
          [
            1,
            3,
            768
          ],
          [
            1,
            3
          ]
        ]
      }
    ],
    "dit_step": [
      {
        "provider": "CPUExecutionProvider",
        "status": "executed",
        "ok": true,
        "errors": [
          {
            "index": 0,
            "ok": true,
            "max_abs": 4.172325134277344e-06,
            "max_rel": 0.002455765614286065,
            "comparison": "allclose"
          }
        ],
        "shapes": [
          [
            1,
            13,
            32
          ]
        ]
      },
      {
        "provider": "CUDAExecutionProvider",
        "status": "executed",
        "ok": true,
        "errors": [
          {
            "index": 0,
            "ok": true,
            "max_abs": 3.9637088775634766e-06,
            "max_rel": 0.0020799553021788597,
            "comparison": "allclose"
          }
        ],
        "shapes": [
          [
            1,
            13,
            32
          ]
        ]
      }
    ],
    "duration_predictor": [
      {
        "provider": "CPUExecutionProvider",
        "status": "executed",
        "ok": true,
        "errors": [
          {
            "index": 0,
            "ok": true,
            "max_abs": 0.0,
            "max_rel": 0.0,
            "comparison": "allclose"
          }
        ],
        "shapes": [
          [
            1
          ]
        ]
      },
      {
        "provider": "CUDAExecutionProvider",
        "status": "executed",
        "ok": true,
        "errors": [
          {
            "index": 0,
            "ok": true,
            "max_abs": 4.76837158203125e-07,
            "max_rel": 1.4041769702544116e-07,
            "comparison": "allclose"
          }
        ],
        "shapes": [
          [
            1
          ]
        ]
      }
    ],
    "codec_encoder": [
      {
        "provider": "CPUExecutionProvider",
        "status": "executed",
        "ok": true,
        "errors": [
          {
            "index": 0,
            "ok": true,
            "max_abs": 4.76837158203125e-06,
            "max_rel": 0.0003739346284419298,
            "comparison": "allclose"
          }
        ],
        "shapes": [
          [
            1,
            2,
            32
          ]
        ]
      },
      {
        "provider": "CUDAExecutionProvider",
        "status": "executed",
        "ok": true,
        "errors": [
          {
            "index": 0,
            "ok": true,
            "max_abs": 1.0609626770019531e-05,
            "max_rel": 0.0009885025210678577,
            "comparison": "allclose"
          }
        ],
        "shapes": [
          [
            1,
            2,
            32
          ]
        ]
      }
    ],
    "codec_decoder": [
      {
        "provider": "CPUExecutionProvider",
        "status": "executed",
        "ok": true,
        "errors": [
          {
            "index": 0,
            "ok": true,
            "max_abs": 4.926696419715881e-07,
            "max_rel": 0.009275296702980995,
            "comparison": "allclose"
          }
        ],
        "shapes": [
          [
            1,
            1,
            9600
          ]
        ]
      },
      {
        "provider": "CUDAExecutionProvider",
        "status": "executed",
        "ok": true,
        "errors": [
          {
            "index": 0,
            "ok": true,
            "max_abs": 8.977949619293213e-07,
            "max_rel": 0.010646948590874672,
            "comparison": "allclose"
          }
        ],
        "shapes": [
          [
            1,
            1,
            9600
          ]
        ]
      }
    ]
  },
  "external_data_missing": {
    "text_caption_encoder": {
      "ok": true,
      "status": "rejected",
      "error": "UnicodeDecodeError('utf-8', b'[ONNXRuntimeError] : 6 : RUNTIME_EXCEPTION : Exception during initialization: file_size: \\x8ew\\x92\\xe8\\x82\\xb3\\x82\\xea\\x82\\xbd\\x83t\\x83@\\x83C\\x83\\x8b\\x82\\xaa\\x8c\\xa9\\x82\\xc2\\x82\\xa9\\x82\\xe8\\x82\\xdc\\x82\\xb9\\x82\\xf1\\x81B: \"C:\\\\Users\\\\rero2\\\\AppData\\\\Local\\\\Temp\\\\irodori-ort-missing-wg97r720\\\\text_caption_encoder.onnx.data\"', 89, 90, 'invalid start byte')"
    },
    "speaker_encoder": {
      "ok": true,
      "status": "rejected",
      "error": "UnicodeDecodeError('utf-8', b'[ONNXRuntimeError] : 6 : RUNTIME_EXCEPTION : Exception during initialization: file_size: \\x8ew\\x92\\xe8\\x82\\xb3\\x82\\xea\\x82\\xbd\\x83t\\x83@\\x83C\\x83\\x8b\\x82\\xaa\\x8c\\xa9\\x82\\xc2\\x82\\xa9\\x82\\xe8\\x82\\xdc\\x82\\xb9\\x82\\xf1\\x81B: \"C:\\\\Users\\\\rero2\\\\AppData\\\\Local\\\\Temp\\\\irodori-ort-missing-ov1oi5vx\\\\speaker_encoder.onnx.data\"', 89, 90, 'invalid start byte')"
    },
    "duration_predictor": {
      "ok": true,
      "status": "rejected",
      "error": "UnicodeDecodeError('utf-8', b'[ONNXRuntimeError] : 6 : RUNTIME_EXCEPTION : Exception during initialization: file_size: \\x8ew\\x92\\xe8\\x82\\xb3\\x82\\xea\\x82\\xbd\\x83t\\x83@\\x83C\\x83\\x8b\\x82\\xaa\\x8c\\xa9\\x82\\xc2\\x82\\xa9\\x82\\xe8\\x82\\xdc\\x82\\xb9\\x82\\xf1\\x81B: \"C:\\\\Users\\\\rero2\\\\AppData\\\\Local\\\\Temp\\\\irodori-ort-missing-tgy4op1b\\\\duration_predictor.onnx.data\"', 89, 90, 'invalid start byte')"
    },
    "dit_step": {
      "ok": true,
      "status": "rejected",
      "error": "UnicodeDecodeError('utf-8', b'[ONNXRuntimeError] : 6 : RUNTIME_EXCEPTION : Exception during initialization: file_size: \\x8ew\\x92\\xe8\\x82\\xb3\\x82\\xea\\x82\\xbd\\x83t\\x83@\\x83C\\x83\\x8b\\x82\\xaa\\x8c\\xa9\\x82\\xc2\\x82\\xa9\\x82\\xe8\\x82\\xdc\\x82\\xb9\\x82\\xf1\\x81B: \"C:\\\\Users\\\\rero2\\\\AppData\\\\Local\\\\Temp\\\\irodori-ort-missing-aeshqcuc\\\\dit_step.onnx.data\"', 89, 90, 'invalid start byte')"
    },
    "codec_encoder": {
      "ok": true,
      "status": "rejected",
      "error": "UnicodeDecodeError('utf-8', b'[ONNXRuntimeError] : 6 : RUNTIME_EXCEPTION : Exception during initialization: file_size: \\x8ew\\x92\\xe8\\x82\\xb3\\x82\\xea\\x82\\xbd\\x83t\\x83@\\x83C\\x83\\x8b\\x82\\xaa\\x8c\\xa9\\x82\\xc2\\x82\\xa9\\x82\\xe8\\x82\\xdc\\x82\\xb9\\x82\\xf1\\x81B: \"C:\\\\Users\\\\rero2\\\\AppData\\\\Local\\\\Temp\\\\irodori-ort-missing-ui90a48u\\\\codec_encoder.onnx.data\"', 89, 90, 'invalid start byte')"
    },
    "codec_decoder": {
      "ok": true,
      "status": "rejected",
      "error": "UnicodeDecodeError('utf-8', b'[ONNXRuntimeError] : 6 : RUNTIME_EXCEPTION : Exception during initialization: file_size: \\x8ew\\x92\\xe8\\x82\\xb3\\x82\\xea\\x82\\xbd\\x83t\\x83@\\x83C\\x83\\x8b\\x82\\xaa\\x8c\\xa9\\x82\\xc2\\x82\\xa9\\x82\\xe8\\x82\\xdc\\x82\\xb9\\x82\\xf1\\x81B: \"C:\\\\Users\\\\rero2\\\\AppData\\\\Local\\\\Temp\\\\irodori-ort-missing-3m969wfy\\\\codec_decoder.onnx.data\"', 89, 90, 'invalid start byte')"
    }
  },
  "four_conditions": {
    "null": {
      "has_speaker": false,
      "has_caption": false,
      "ort_log_frames": 5.103736400604248,
      "torch_log_frames": 5.103736400604248,
      "frame_delta": 0.0,
      "duration_pass": true,
      "dit_pass": true,
      "dit_errors": [
        {
          "index": 0,
          "ok": true,
          "max_abs": 3.5762786865234375e-06,
          "max_rel": 0.0009525134228169918,
          "comparison": "allclose"
        }
      ],
      "pass": true
    },
    "speaker": {
      "has_speaker": true,
      "has_caption": false,
      "ort_log_frames": 5.57573938369751,
      "torch_log_frames": 5.57573938369751,
      "frame_delta": 0.0,
      "duration_pass": true,
      "dit_pass": true,
      "dit_errors": [
        {
          "index": 0,
          "ok": true,
          "max_abs": 4.5299530029296875e-06,
          "max_rel": 0.0013994874898344278,
          "comparison": "allclose"
        }
      ],
      "pass": true
    },
    "caption": {
      "has_speaker": false,
      "has_caption": true,
      "ort_log_frames": 4.817713737487793,
      "torch_log_frames": 4.817713737487793,
      "frame_delta": 0.0,
      "duration_pass": true,
      "dit_pass": true,
      "dit_errors": [
        {
          "index": 0,
          "ok": true,
          "max_abs": 5.304813385009766e-06,
          "max_rel": 0.0007241477142088115,
          "comparison": "allclose"
        }
      ],
      "pass": true
    },
    "speaker+caption": {
      "has_speaker": true,
      "has_caption": true,
      "ort_log_frames": 5.2131757736206055,
      "torch_log_frames": 5.2131757736206055,
      "frame_delta": 0.0,
      "duration_pass": true,
      "dit_pass": true,
      "dit_errors": [
        {
          "index": 0,
          "ok": true,
          "max_abs": 1.52587890625e-05,
          "max_rel": 0.0001723103632684797,
          "comparison": "allclose"
        }
      ],
      "pass": true
    }
  },
  "manifest_sha256": "fcc80bdef51f3e4614636b20741177c5c4534ba6d921dde4797afb987209ce19",
  "manifest_validation": {
    "ok": true,
    "errors": []
  },
  "codec_load": {
    "status": "loaded",
    "repository": "Aratako/Semantic-DACVAE-Japanese-32dim",
    "weights_sha256": "022b6ad793fcb264e295f8773401f7a440e5b51299028a9ec5a55e8252298cb1",
    "hash_match": true
  },
  "short_ort_wav": {
    "status": "generated",
    "path": "ort-text-dit-codec-smoke.wav",
    "sample_rate": 48000,
    "samples": 15360,
    "peak": 0.9999553561210632,
    "rms": 0.38378751277923584,
    "method": "text_caption_encoder->dit_step(one_step)->codec_decoder"
  },
  "official_smoke": {
    "status": "generated",
    "path": "official-smoke.wav",
    "method": "pinned tokenizer -> duration predictor -> 40-step independent CFG ODE -> DACVAE codec",
    "load_seconds": 5.065,
    "sample_rate": 48000,
    "samples": 230400,
    "seconds": 4.8,
    "finite": true,
    "peak": 0.8971344828605652,
    "rms": 0.16059260070323944,
    "used_seed": 0,
    "stage_timings": [
      [
        "tokenize_text",
        0.0017610000004424364
      ],
      [
        "prepare_reference",
        0.14720649999981106
      ],
      [
        "predict_duration",
        0.11891500000001543
      ],
      [
        "sample_rf",
        0.661874500000522
      ],
      [
        "unpatchify_latent",
        9.699999282020144e-06
      ],
      [
        "decode_latent",
        0.051334499999939
      ]
    ],
    "messages": [
      "info: reference loudness normalize enabled per clip (target_db=-16.00, includes peak safety scaling).",
      "info: predicted duration frames=119.7, scale=1.000, using_frames=120 (4.800s).",
      "warning: SilentCipher watermark is unavailable; generated audio was not watermarked."
    ],
    "sha256": "64ee95290d34f26dad875b40fa39e5058d32aad7c3ec9e766ba7b264178ed20f"
  },
  "finished_at": "2026-09-07T13:49:35Z"
}
{
  "schema_version": 2,
  "started_at": "2026-09-07T13:48:21Z",
  "threshold": {
    "atol": 0.0001,
    "rtol": 0.001
  },
  "providers": {
    "available": [
      "TensorrtExecutionProvider",
      "CUDAExecutionProvider",
      "CPUExecutionProvider"
    ],
    "cpu": true,
    "cuda": true
  },
  "math": {
    "pytorch_tf32": false,
    "ort_cuda_use_tf32": 0
  },
  "graphs": {
    "text_caption_encoder": [
      {
        "provider": "CPUExecutionProvider",
        "graph": "text_caption_encoder",
        "path": "text_caption_encoder.onnx",
        "ok": true,
        "errors": [
          {
            "index": 0,
            "ok": true,
            "max_abs": 9.5367431640625e-07,
            "max_rel": 0.00020405789837241173,
            "comparison": "allclose"
          },
          {
            "index": 1,
            "ok": true,
            "max_abs": 9.5367431640625e-07,
            "max_rel": 9.422836592420936e-05,
            "comparison": "allclose"
          }
        ],
        "output_shapes": [
          [
            1,
            8,
            512
          ],
          [
            1,
            12,
            512
          ]
        ]
      },
      {
        "provider": "CUDAExecutionProvider",
        "graph": "text_caption_encoder",
        "path": "text_caption_encoder.onnx",
        "ok": true,
        "errors": [
          {
            "index": 0,
            "ok": true,
            "max_abs": 1.0728836059570312e-06,
            "max_rel": 0.00012179222539998591,
            "comparison": "allclose"
          },
          {
            "index": 1,
            "ok": true,
            "max_abs": 1.1920928955078125e-06,
            "max_rel": 0.00013741792645305395,
            "comparison": "allclose"
          }
        ],
        "output_shapes": [
          [
            1,
            8,
            512
          ],
          [
            1,
            12,
            512
          ]
        ]
      }
    ],
    "speaker_encoder": [
      {
        "provider": "CPUExecutionProvider",
        "graph": "speaker_encoder",
        "path": "speaker_encoder.onnx",
        "ok": true,
        "errors": [
          {
            "index": 0,
            "ok": true,
            "max_abs": 3.4570693969726562e-06,
            "max_rel": 0.006689981557428837,
            "comparison": "allclose"
          },
          {
            "index": 1,
            "ok": true,
            "comparison": "exact_bool"
          }
        ],
        "output_shapes": [
          [
            1,
            5,
            768
          ],
          [
            1,
            5
          ]
        ]
      },
      {
        "provider": "CUDAExecutionProvider",
        "graph": "speaker_encoder",
        "path": "speaker_encoder.onnx",
        "ok": true,
        "errors": [
          {
            "index": 0,
            "ok": true,
            "max_abs": 3.107823431491852e-06,
            "max_rel": 0.021604295819997787,
            "comparison": "allclose"
          },
          {
            "index": 1,
            "ok": true,
            "comparison": "exact_bool"
          }
        ],
        "output_shapes": [
          [
            1,
            5,
            768
          ],
          [
            1,
            5
          ]
        ]
      }
    ],
    "duration_predictor": [
      {
        "provider": "CPUExecutionProvider",
        "graph": "duration_predictor",
        "path": "duration_predictor.onnx",
        "ok": true,
        "errors": [
          {
            "index": 0,
            "ok": true,
            "max_abs": 0.0,
            "max_rel": 0.0,
            "comparison": "allclose"
          }
        ],
        "output_shapes": [
          [
            1
          ]
        ]
      },
      {
        "provider": "CUDAExecutionProvider",
        "graph": "duration_predictor",
        "path": "duration_predictor.onnx",
        "ok": true,
        "errors": [
          {
            "index": 0,
            "ok": true,
            "max_abs": 4.76837158203125e-07,
            "max_rel": 1.1490551088400025e-07,
            "comparison": "allclose"
          }
        ],
        "output_shapes": [
          [
            1
          ]
        ]
      }
    ],
    "dit_step": [
      {
        "provider": "CPUExecutionProvider",
        "graph": "dit_step",
        "path": "dit_step.onnx",
        "ok": true,
        "errors": [
          {
            "index": 0,
            "ok": true,
            "max_abs": 4.541128873825073e-06,
            "max_rel": 0.00017144849698524922,
            "comparison": "allclose"
          }
        ],
        "output_shapes": [
          [
            1,
            21,
            32
          ]
        ]
      },
      {
        "provider": "CUDAExecutionProvider",
        "graph": "dit_step",
        "path": "dit_step.onnx",
        "ok": true,
        "errors": [
          {
            "index": 0,
            "ok": true,
            "max_abs": 5.159527063369751e-06,
            "max_rel": 0.00020955766376573592,
            "comparison": "allclose"
          }
        ],
        "output_shapes": [
          [
            1,
            21,
            32
          ]
        ]
      }
    ],
    "codec_encoder": [
      {
        "provider": "CPUExecutionProvider",
        "graph": "codec_encoder",
        "path": "codec_encoder.onnx",
        "ok": true,
        "errors": [
          {
            "index": 0,
            "ok": true,
            "max_abs": 4.76837158203125e-06,
            "max_rel": 0.0003739346284419298,
            "comparison": "allclose"
          }
        ],
        "output_shapes": [
          [
            1,
            2,
            32
          ]
        ]
      },
      {
        "provider": "CUDAExecutionProvider",
        "graph": "codec_encoder",
        "path": "codec_encoder.onnx",
        "ok": true,
        "errors": [
          {
            "index": 0,
            "ok": true,
            "max_abs": 1.0609626770019531e-05,
            "max_rel": 0.0009885025210678577,
            "comparison": "allclose"
          }
        ],
        "output_shapes": [
          [
            1,
            2,
            32
          ]
        ]
      }
    ],
    "codec_decoder": [
      {
        "provider": "CPUExecutionProvider",
        "graph": "codec_decoder",
        "path": "codec_decoder.onnx",
        "ok": true,
        "errors": [
          {
            "index": 0,
            "ok": true,
            "max_abs": 5.438923835754395e-07,
            "max_rel": 0.07183271646499634,
            "comparison": "allclose"
          }
        ],
        "output_shapes": [
          [
            1,
            1,
            15360
          ]
        ]
      },
      {
        "provider": "CUDAExecutionProvider",
        "graph": "codec_decoder",
        "path": "codec_decoder.onnx",
        "ok": true,
        "errors": [
          {
            "index": 0,
            "ok": true,
            "max_abs": 1.087784767150879e-06,
            "max_rel": 0.4061085879802704,
            "comparison": "allclose"
          }
        ],
        "output_shapes": [
          [
            1,
            1,
            15360
          ]
        ]
      }
    ]
  },
  "dynamic_length": {
    "text_caption_encoder": [
      {
        "provider": "CPUExecutionProvider",
        "status": "executed",
        "ok": true,
        "errors": [
          {
            "index": 0,
            "ok": true,
            "max_abs": 1.1920928955078125e-06,
            "max_rel": 0.0002612141543067992,
            "comparison": "allclose"
          },
          {
            "index": 1,
            "ok": true,
            "max_abs": 1.1920928955078125e-06,
            "max_rel": 0.00010296951222699136,
            "comparison": "allclose"
          }
        ],
        "shapes": [
          [
            1,
            5,
            512
          ],
          [
            1,
            9,
            512
          ]
        ]
      },
      {
        "provider": "CUDAExecutionProvider",
        "status": "executed",
        "ok": true,
        "errors": [
          {
            "index": 0,
            "ok": true,
            "max_abs": 1.1920928955078125e-06,
            "max_rel": 0.00013247183233033866,
            "comparison": "allclose"
          },
          {
            "index": 1,
            "ok": true,
            "max_abs": 9.5367431640625e-07,
            "max_rel": 0.00012880758731625974,
            "comparison": "allclose"
          }
        ],
        "shapes": [
          [
            1,
            5,
            512
          ],
          [
            1,
            9,
            512
          ]
        ]
      }
    ],
    "speaker_encoder": [
      {
        "provider": "CPUExecutionProvider",
        "status": "executed",
        "ok": true,
        "errors": [
          {
            "index": 0,
            "ok": true,
            "max_abs": 4.06801700592041e-06,
            "max_rel": 0.019090425223112106,
            "comparison": "allclose"
          },
          {
            "index": 1,
            "ok": true,
            "comparison": "exact_bool"
          }
        ],
        "shapes": [
          [
            1,
            3,
            768
          ],
          [
            1,
            3
          ]
        ]
      },
      {
        "provider": "CUDAExecutionProvider",
        "status": "executed",
        "ok": true,
        "errors": [
          {
            "index": 0,
            "ok": true,
            "max_abs": 2.7418136596679688e-06,
            "max_rel": 0.009109167382121086,
            "comparison": "allclose"
          },
          {
            "index": 1,
            "ok": true,
            "comparison": "exact_bool"
          }
        ],
        "shapes": [
          [
            1,
            3,
            768
          ],
          [
            1,
            3
          ]
        ]
      }
    ],
    "dit_step": [
      {
        "provider": "CPUExecutionProvider",
        "status": "executed",
        "ok": true,
        "errors": [
          {
            "index": 0,
            "ok": true,
            "max_abs": 4.172325134277344e-06,
            "max_rel": 0.002455765614286065,
            "comparison": "allclose"
          }
        ],
        "shapes": [
          [
            1,
            13,
            32
          ]
        ]
      },
      {
        "provider": "CUDAExecutionProvider",
        "status": "executed",
        "ok": true,
        "errors": [
          {
            "index": 0,
            "ok": true,
            "max_abs": 3.9637088775634766e-06,
            "max_rel": 0.0020799553021788597,
            "comparison": "allclose"
          }
        ],
        "shapes": [
          [
            1,
            13,
            32
          ]
        ]
      }
    ],
    "duration_predictor": [
      {
        "provider": "CPUExecutionProvider",
        "status": "executed",
        "ok": true,
        "errors": [
          {
            "index": 0,
            "ok": true,
            "max_abs": 0.0,
            "max_rel": 0.0,
            "comparison": "allclose"
          }
        ],
        "shapes": [
          [
            1
          ]
        ]
      },
      {
        "provider": "CUDAExecutionProvider",
        "status": "executed",
        "ok": true,
        "errors": [
          {
            "index": 0,
            "ok": true,
            "max_abs": 4.76837158203125e-07,
            "max_rel": 1.4041769702544116e-07,
            "comparison": "allclose"
          }
        ],
        "shapes": [
          [
            1
          ]
        ]
      }
    ],
    "codec_encoder": [
      {
        "provider": "CPUExecutionProvider",
        "status": "executed",
        "ok": true,
        "errors": [
          {
            "index": 0,
            "ok": true,
            "max_abs": 4.76837158203125e-06,
            "max_rel": 0.0003739346284419298,
            "comparison": "allclose"
          }
        ],
        "shapes": [
          [
            1,
            2,
            32
          ]
        ]
      },
      {
        "provider": "CUDAExecutionProvider",
        "status": "executed",
        "ok": true,
        "errors": [
          {
            "index": 0,
            "ok": true,
            "max_abs": 1.0609626770019531e-05,
            "max_rel": 0.0009885025210678577,
            "comparison": "allclose"
          }
        ],
        "shapes": [
          [
            1,
            2,
            32
          ]
        ]
      }
    ],
    "codec_decoder": [
      {
        "provider": "CPUExecutionProvider",
        "status": "executed",
        "ok": true,
        "errors": [
          {
            "index": 0,
            "ok": true,
            "max_abs": 4.926696419715881e-07,
            "max_rel": 0.009275296702980995,
            "comparison": "allclose"
          }
        ],
        "shapes": [
          [
            1,
            1,
            9600
          ]
        ]
      },
      {
        "provider": "CUDAExecutionProvider",
        "status": "executed",
        "ok": true,
        "errors": [
          {
            "index": 0,
            "ok": true,
            "max_abs": 8.977949619293213e-07,
            "max_rel": 0.010646948590874672,
            "comparison": "allclose"
          }
        ],
        "shapes": [
          [
            1,
            1,
            9600
          ]
        ]
      }
    ]
  },
  "external_data_missing": {
    "text_caption_encoder": {
      "ok": true,
      "status": "rejected",
      "error": "UnicodeDecodeError('utf-8', b'[ONNXRuntimeError] : 6 : RUNTIME_EXCEPTION : Exception during initialization: file_size: \\x8ew\\x92\\xe8\\x82\\xb3\\x82\\xea\\x82\\xbd\\x83t\\x83@\\x83C\\x83\\x8b\\x82\\xaa\\x8c\\xa9\\x82\\xc2\\x82\\xa9\\x82\\xe8\\x82\\xdc\\x82\\xb9\\x82\\xf1\\x81B: \"C:\\\\Users\\\\rero2\\\\AppData\\\\Local\\\\Temp\\\\irodori-ort-missing-wg97r720\\\\text_caption_encoder.onnx.data\"', 89, 90, 'invalid start byte')"
    },
    "speaker_encoder": {
      "ok": true,
      "status": "rejected",
      "error": "UnicodeDecodeError('utf-8', b'[ONNXRuntimeError] : 6 : RUNTIME_EXCEPTION : Exception during initialization: file_size: \\x8ew\\x92\\xe8\\x82\\xb3\\x82\\xea\\x82\\xbd\\x83t\\x83@\\x83C\\x83\\x8b\\x82\\xaa\\x8c\\xa9\\x82\\xc2\\x82\\xa9\\x82\\xe8\\x82\\xdc\\x82\\xb9\\x82\\xf1\\x81B: \"C:\\\\Users\\\\rero2\\\\AppData\\\\Local\\\\Temp\\\\irodori-ort-missing-ov1oi5vx\\\\speaker_encoder.onnx.data\"', 89, 90, 'invalid start byte')"
    },
    "duration_predictor": {
      "ok": true,
      "status": "rejected",
      "error": "UnicodeDecodeError('utf-8', b'[ONNXRuntimeError] : 6 : RUNTIME_EXCEPTION : Exception during initialization: file_size: \\x8ew\\x92\\xe8\\x82\\xb3\\x82\\xea\\x82\\xbd\\x83t\\x83@\\x83C\\x83\\x8b\\x82\\xaa\\x8c\\xa9\\x82\\xc2\\x82\\xa9\\x82\\xe8\\x82\\xdc\\x82\\xb9\\x82\\xf1\\x81B: \"C:\\\\Users\\\\rero2\\\\AppData\\\\Local\\\\Temp\\\\irodori-ort-missing-tgy4op1b\\\\duration_predictor.onnx.data\"', 89, 90, 'invalid start byte')"
    },
    "dit_step": {
      "ok": true,
      "status": "rejected",
      "error": "UnicodeDecodeError('utf-8', b'[ONNXRuntimeError] : 6 : RUNTIME_EXCEPTION : Exception during initialization: file_size: \\x8ew\\x92\\xe8\\x82\\xb3\\x82\\xea\\x82\\xbd\\x83t\\x83@\\x83C\\x83\\x8b\\x82\\xaa\\x8c\\xa9\\x82\\xc2\\x82\\xa9\\x82\\xe8\\x82\\xdc\\x82\\xb9\\x82\\xf1\\x81B: \"C:\\\\Users\\\\rero2\\\\AppData\\\\Local\\\\Temp\\\\irodori-ort-missing-aeshqcuc\\\\dit_step.onnx.data\"', 89, 90, 'invalid start byte')"
    },
    "codec_encoder": {
      "ok": true,
      "status": "rejected",
      "error": "UnicodeDecodeError('utf-8', b'[ONNXRuntimeError] : 6 : RUNTIME_EXCEPTION : Exception during initialization: file_size: \\x8ew\\x92\\xe8\\x82\\xb3\\x82\\xea\\x82\\xbd\\x83t\\x83@\\x83C\\x83\\x8b\\x82\\xaa\\x8c\\xa9\\x82\\xc2\\x82\\xa9\\x82\\xe8\\x82\\xdc\\x82\\xb9\\x82\\xf1\\x81B: \"C:\\\\Users\\\\rero2\\\\AppData\\\\Local\\\\Temp\\\\irodori-ort-missing-ui90a48u\\\\codec_encoder.onnx.data\"', 89, 90, 'invalid start byte')"
    },
    "codec_decoder": {
      "ok": true,
      "status": "rejected",
      "error": "UnicodeDecodeError('utf-8', b'[ONNXRuntimeError] : 6 : RUNTIME_EXCEPTION : Exception during initialization: file_size: \\x8ew\\x92\\xe8\\x82\\xb3\\x82\\xea\\x82\\xbd\\x83t\\x83@\\x83C\\x83\\x8b\\x82\\xaa\\x8c\\xa9\\x82\\xc2\\x82\\xa9\\x82\\xe8\\x82\\xdc\\x82\\xb9\\x82\\xf1\\x81B: \"C:\\\\Users\\\\rero2\\\\AppData\\\\Local\\\\Temp\\\\irodori-ort-missing-3m969wfy\\\\codec_decoder.onnx.data\"', 89, 90, 'invalid start byte')"
    }
  },
  "four_conditions": {
    "null": {
      "has_speaker": false,
      "has_caption": false,
      "ort_log_frames": 5.103736400604248,
      "torch_log_frames": 5.103736400604248,
      "frame_delta": 0.0,
      "duration_pass": true,
      "dit_pass": true,
      "dit_errors": [
        {
          "index": 0,
          "ok": true,
          "max_abs": 3.5762786865234375e-06,
          "max_rel": 0.0009525134228169918,
          "comparison": "allclose"
        }
      ],
      "pass": true
    },
    "speaker": {
      "has_speaker": true,
      "has_caption": false,
      "ort_log_frames": 5.57573938369751,
      "torch_log_frames": 5.57573938369751,
      "frame_delta": 0.0,
      "duration_pass": true,
      "dit_pass": true,
      "dit_errors": [
        {
          "index": 0,
          "ok": true,
          "max_abs": 4.5299530029296875e-06,
          "max_rel": 0.0013994874898344278,
          "comparison": "allclose"
        }
      ],
      "pass": true
    },
    "caption": {
      "has_speaker": false,
      "has_caption": true,
      "ort_log_frames": 4.817713737487793,
      "torch_log_frames": 4.817713737487793,
      "frame_delta": 0.0,
      "duration_pass": true,
      "dit_pass": true,
      "dit_errors": [
        {
          "index": 0,
          "ok": true,
          "max_abs": 5.304813385009766e-06,
          "max_rel": 0.0007241477142088115,
          "comparison": "allclose"
        }
      ],
      "pass": true
    },
    "speaker+caption": {
      "has_speaker": true,
      "has_caption": true,
      "ort_log_frames": 5.2131757736206055,
      "torch_log_frames": 5.2131757736206055,
      "frame_delta": 0.0,
      "duration_pass": true,
      "dit_pass": true,
      "dit_errors": [
        {
          "index": 0,
          "ok": true,
          "max_abs": 1.52587890625e-05,
          "max_rel": 0.0001723103632684797,
          "comparison": "allclose"
        }
      ],
      "pass": true
    }
  },
  "manifest_sha256": "fcc80bdef51f3e4614636b20741177c5c4534ba6d921dde4797afb987209ce19",
  "manifest_validation": {
    "ok": true,
    "errors": []
  },
  "codec_load": {
    "status": "loaded",
    "repository": "Aratako/Semantic-DACVAE-Japanese-32dim",
    "weights_sha256": "022b6ad793fcb264e295f8773401f7a440e5b51299028a9ec5a55e8252298cb1",
    "hash_match": true
  },
  "short_ort_wav": {
    "status": "generated",
    "path": "ort-text-dit-codec-smoke.wav",
    "sample_rate": 48000,
    "samples": 15360,
    "peak": 0.9999553561210632,
    "rms": 0.38378751277923584,
    "method": "text_caption_encoder->dit_step(one_step)->codec_decoder"
  },
  "official_smoke": {
    "status": "generated",
    "path": "official-smoke.wav",
    "method": "pinned tokenizer -> duration predictor -> 40-step independent CFG ODE -> DACVAE codec",
    "load_seconds": 5.065,
    "sample_rate": 48000,
    "samples": 230400,
    "seconds": 4.8,
    "finite": true,
    "peak": 0.8971344828605652,
    "rms": 0.16059260070323944,
    "used_seed": 0,
    "stage_timings": [
      [
        "tokenize_text",
        0.0017610000004424364
      ],
      [
        "prepare_reference",
        0.14720649999981106
      ],
      [
        "predict_duration",
        0.11891500000001543
      ],
      [
        "sample_rf",
        0.661874500000522
      ],
      [
        "unpatchify_latent",
        9.699999282020144e-06
      ],
      [
        "decode_latent",
        0.051334499999939
      ]
    ],
    "messages": [
      "info: reference loudness normalize enabled per clip (target_db=-16.00, includes peak safety scaling).",
      "info: predicted duration frames=119.7, scale=1.000, using_frames=120 (4.800s).",
      "warning: SilentCipher watermark is unavailable; generated audio was not watermarked."
    ],
    "sha256": "64ee95290d34f26dad875b40fa39e5058d32aad7c3ec9e766ba7b264178ed20f"
  },
  "finished_at": "2026-09-07T13:49:35Z",
  "checks": {
    "graphs": true,
    "dynamic_length": true,
    "four_conditions": true,
    "external_data_missing": true,
    "official_smoke": true,
    "cuda_required": true
  },
  "resources": {
    "bundle_bytes": 3439785361,
    "graph_bytes": 4778373,
    "external_data_bytes": 3435006988,
    "unique_small_file_bytes": 4778373,
    "shared_weight_hashes": [],
    "rss_mib": 14534.984375,
    "cuda_device": "NVIDIA GeForce RTX 5090",
    "cuda_allocated_peak_mib": 4130.09423828125,
    "cuda_reserved_peak_mib": 4404.0
  }
}
