{
  "schema_version": 2,
  "model_family": "irodori-v4",
  "model_release": "v4.1-small",
  "model_revision": "2b28324dc263ed5e6638b3cf3dd94c82ead07b4b",
  "official_source": {
    "repository": "Aratako/Irodori-TTS",
    "revision": "8224dafb46d0aba89209a8f905f1cb7e3299d9c1",
    "content_sha256": "f159d56bdbde0e6ada8d8fec875a4c66c540baff23425fe661ae000f6a7b437f"
  },
  "exporter": {
    "repository": "fm-live-radio/tools/irodori_export",
    "python": "3.11.15",
    "torch": "2.10.0+cu128",
    "opset": 18,
    "device": "cpu",
    "precision": "float32",
    "files_sha256": {
      "export.py": "846d017859f9518037418d3c19d850cae7fd35f59b0b0363a0bf48b4bf9813de",
      "parity.py": "69494ae703b02c72b1bc453fb0bf818d95dc98f7cb2d72b84ff16775c4f45401",
      "externalize.py": "b45dca0f44f4b5d4cdf232ce22653da3189a7b893fb4b7f1b2d3fb7fc60b3f26",
      "merge_manifest.py": "d9bb23304f3a6a82833684fafd4edbdfa188300786d28e69591c6d7ea056ccf3",
      "pyproject.toml": "0b86ddbf456a13973563bcb79d645ea593adea1ac164052418196fec3c313f63",
      "uv.lock": "1f47f490fbf1e45ce70d1b1a503822398010e87579d8fb2bb88c0a1fa8670748",
      "mise.toml": "86d0a280d8e071a2129e17839e1288643adc25141b84317750b3d1f2100a6e01"
    }
  },
  "tokenizer": {
    "repository": "sbintuitions/modernbert-ja-310m",
    "revision": "77675fc96a7e445e982e2ba90246b816efc74ec6",
    "path": "tokenizer/tokenizer.json",
    "sha256": "6a0734cf21c802169defaffe719bc2ef12bb9d0be37e54b61ed27aa89394723d",
    "special_ids": {
      "bos": 1,
      "eos": 2,
      "pad": 3
    },
    "text_max_length": 256,
    "caption_max_length": 512,
    "max_ref_seconds": 120.0
  },
  "codec": {
    "repository": "Aratako/Semantic-DACVAE-Japanese-32dim",
    "weights_revision": "47376ee24834d7a05a48ebabfe3cde29b3c5e214",
    "code_revision": "414c20785fc3a28373073ea8ef7a1316eeeaca6e",
    "sample_rate": 48000,
    "latent_dim": 32,
    "hop_length": 480,
    "deterministic_encode": true,
    "deterministic_decode": true
  },
  "licenses": {
    "official_code": {
      "spdx": "MIT",
      "source": "https://github.com/Aratako/Irodori-TTS/blob/8224dafb46d0aba89209a8f905f1cb7e3299d9c1/LICENSE"
    },
    "model": {
      "spdx": "MIT",
      "source": "https://huggingface.co/Aratako/Irodori-TTS-v4.1-Small"
    },
    "codec_code": {
      "spdx": "MIT",
      "source": "https://github.com/facebookresearch/dacvae/blob/414c20785fc3a28373073ea8ef7a1316eeeaca6e/LICENSE"
    },
    "codec_model": {
      "spdx": "MIT",
      "source": "https://huggingface.co/Aratako/Semantic-DACVAE-Japanese-32dim"
    }
  },
  "conditions": {
    "text_dim": 512,
    "caption_dim": 512,
    "speaker_dim": 768,
    "speaker_patch_size": 4,
    "duration_aux_dim": 14,
    "duration_architecture": "token_sum_dual_adarn_zero_no_aux",
    "duration_token_init_frames": 9.0,
    "latent_dim": 32,
    "latent_patch_size": 1
  },
  "checkpoint": {
    "path": "E:\\programming\\AI_generative\\fm-live-radio\\third_party\\irodori-v4-research\\Irodori-TTS-v4.1-Small\\model.safetensors",
    "sha256": "c85de88c01700cb53538e706f128ebcb1b8513ad21d7d0e75f58bc82cdbf89f6",
    "bytes": 3064295596
  },
  "graphs": {
    "speaker_encoder": {
      "path": "speaker_encoder.onnx",
      "inputs": [
        "ref_latent",
        "ref_mask"
      ],
      "outputs": [
        "speaker_state",
        "speaker_mask"
      ],
      "dynamic_axes": {
        "ref_latent": {
          "0": "batch",
          "1": "ref_seq"
        },
        "ref_mask": {
          "0": "batch",
          "1": "ref_seq"
        },
        "speaker_state": {
          "0": "batch",
          "1": "speaker_seq"
        },
        "speaker_mask": {
          "0": "batch",
          "1": "speaker_seq"
        }
      },
      "opset": 18,
      "bytes": 242879093,
      "sha256": "a7369c8291f26182156bb3598326670fd8b56371b082ece0c1dce0b9636fddae",
      "seconds": 2.584,
      "io": {
        "inputs": [
          {
            "name": "ref_latent",
            "dtype": "FLOAT",
            "shape": [
              "batch",
              "ref_seq",
              32
            ]
          },
          {
            "name": "ref_mask",
            "dtype": "BOOL",
            "shape": [
              "batch",
              "ref_seq"
            ]
          }
        ],
        "outputs": [
          {
            "name": "speaker_state",
            "dtype": "FLOAT",
            "shape": [
              "batch",
              "speaker_seq",
              768
            ]
          },
          {
            "name": "speaker_mask",
            "dtype": "BOOL",
            "shape": [
              "batch",
              "speaker_seq"
            ]
          }
        ]
      }
    }
  },
  "export": {
    "started_at": "2026-09-07T14:05:40Z",
    "errors": [],
    "finished_at": "2026-09-07T14:05:45Z"
  },
  "fixtures": {
    "path": "fixtures.json",
    "sha256": "abb232f19e1cabd37bbc3df1d004aaac3b602d47f54a496dc5f8826808da219c",
    "seed": 0,
    "conditions": [
      "reference",
      "caption",
      "reference+caption",
      "null"
    ]
  },
  "external_data": [
    {
      "path": "codec_decoder.onnx.data",
      "bytes": 261402504,
      "sha256": "7c07daa7247f8dafc23700079d94e7ff2f7b526aa1781bc41699fa708a25ef1d"
    },
    {
      "path": "codec_encoder.onnx.data",
      "bytes": 109423616,
      "sha256": "c00bf44387b71a6902c80d47104289360f9bb9ec0fac224831ef240700a7121b"
    },
    {
      "path": "dit_step.onnx.data",
      "bytes": 1462937728,
      "sha256": "80360b9f1ec360d460ee6111138a6a7183249a4f6159005b954cd302c3a5c7b0"
    },
    {
      "path": "duration_predictor.onnx.data",
      "bytes": 87110660,
      "sha256": "a47e3d164c97a4a8a502323903fa7f2e2ccd33e34018514f3bda292ee7e1af17"
    },
    {
      "path": "speaker_encoder.onnx.data",
      "bytes": 242030592,
      "sha256": "bc59350fff6074b71c0f4894bcdc46cd7cc18aa485be7946159f50e7f61ddf4f"
    },
    {
      "path": "text_caption_encoder.onnx.data",
      "bytes": 1272101888,
      "sha256": "1b1f641465ae6c6fa34ac4a927e074ea1b2e52965cf0f052a390172b5214bca4"
    }
  ]
}
