Using CPython 3.12.10 interpreter at: C:\Users\rero2\AppData\Local\Programs\Python\Python312\python.exe
Creating virtual environment at: third_party\irodori-v4-research\Irodori-TTS-8224dafb46d0aba89209a8f905f1cb7e3299d9c1\.venv
Resolved 219 packages in 9ms
   Updating https://github.com/SesameAILabs/silentcipher.git (d46d7d0893a583d8968ab3a6626e2289faec9152)
Downloading numpy (12.2MiB)
Downloading numba (2.6MiB)
Downloading grpcio (4.6MiB)
Downloading torch (2.7GiB)
Downloading torchaudio (1.9MiB)
Downloading pandas (9.3MiB)
Downloading scipy (34.6MiB)
Downloading pyarrow (26.4MiB)
Downloading torchcodec (2.1MiB)
Downloading pydantic-core (1.9MiB)
Downloading scikit-learn (7.6MiB)
Downloading pillow (6.7MiB)
Downloading llvmlite (36.4MiB)
Downloading matplotlib (7.8MiB)
Downloading fonttools (2.2MiB)
 Downloaded torchaudio
 Downloaded pydantic-core
 Downloaded torchcodec
 Downloaded fonttools
   Building sentencepiece==0.1.99
 Downloaded grpcio
 Downloaded numba
 Downloaded pillow
 Downloaded matplotlib
 Downloaded numpy
 Downloaded scikit-learn
 Downloaded llvmlite
 Downloaded pandas
 Downloaded pyarrow
 Downloaded scipy
  × Failed to build `sentencepiece==0.1.99`
  ├─▶ The build backend returned an error
  ╰─▶ Call to `setuptools.build_meta:__legacy__.build_wheel` failed (exit
      code: 1)

      [stdout]
      -- Building for: Ninja
      -- Configuring incomplete, errors occurred!

      [stderr]
      CMake Error at CMakeLists.txt:15 (cmake_minimum_required):
        Compatibility with CMake < 3.5 has been removed from CMake.

        Update the VERSION argument <min> value.  Or, use the <min>...<max>
      syntax
        to tell CMake that the project requires at least <min> but has been
      updated
        to work with policies introduced by <max> or earlier.

        Or, add -DCMAKE_POLICY_VERSION_MINIMUM=3.5 to try configuring anyway.


      Traceback (most recent call last):
        File "<string>", line 14, in <module>
        File
      "C:\Users\rero2\AppData\Local\uv\cache\builds-v0\.tmpiCB3Jd\Lib\site-packages\setuptools\build_meta.py",
      line 333, in get_requires_for_build_wheel
          return self._get_build_requires(config_settings, requirements=[])
                 ^^^^^^^^^^^^^^^^^^^^^^^^^^^^^^^^^^^^^^^^^^^^^^^^^^^^^^^^^^
        File
      "C:\Users\rero2\AppData\Local\uv\cache\builds-v0\.tmpiCB3Jd\Lib\site-packages\setuptools\build_meta.py",
      line 301, in _get_build_requires
          self.run_setup()
        File
      "C:\Users\rero2\AppData\Local\uv\cache\builds-v0\.tmpiCB3Jd\Lib\site-packages\setuptools\build_meta.py",
      line 520, in run_setup
          super().run_setup(setup_script=setup_script)
        File
      "C:\Users\rero2\AppData\Local\uv\cache\builds-v0\.tmpiCB3Jd\Lib\site-packages\setuptools\build_meta.py",
      line 317, in run_setup
          exec(code, locals())  # noqa: S102 # exec is intentional here
          ^^^^^^^^^^^^^^^^^^^^
        File "<string>", line 126, in <module>
        File
      "C:\Users\rero2\AppData\Local\Programs\Python\Python312\Lib\subprocess.py",
      line 413, in check_call
          raise CalledProcessError(retcode, cmd)
      subprocess.CalledProcessError: Command '['cmake', 'sentencepiece',
      '-A', 'x64', '-B', 'build', '-DSPM_ENABLE_SHARED=OFF',
      '-DCMAKE_INSTALL_PREFIX=build\\root']' returned non-zero exit status 1.


hint: `sentencepiece` (v0.1.99) was included because `irodori-tts` (v0.1.0) depends on `sentencepiece`
hint: Build failures usually indicate a problem with the package or the build environment
