Using CPython 3.11.15
Removed virtual environment at: third_party\irodori-v4-research\Irodori-TTS-8224dafb46d0aba89209a8f905f1cb7e3299d9c1\.venv
Creating virtual environment at: third_party\irodori-v4-research\Irodori-TTS-8224dafb46d0aba89209a8f905f1cb7e3299d9c1\.venv
Resolved 219 packages in 1ms
WARN Cached response doesn't match current request for: https://download-r2.pytorch.org/whl/cu128/torch-2.10.0%2Bcu128-cp311-cp311-win_amd64.whl
Downloading torchaudio (1.9MiB)
Downloading pyarrow (26.3MiB)
Downloading pandas (9.4MiB)
Downloading scikit-learn (7.7MiB)
Downloading pillow (6.7MiB)
Downloading grpcio (4.6MiB)
Downloading torch (2.7GiB)
 Downloaded torchaudio
 Downloaded pillow
 Downloaded grpcio
 Downloaded scikit-learn
 Downloaded pyarrow
 Downloaded pandas
   Building silentcipher @ git+https://github.com/SesameAILabs/silentcipher.git@d46d7d0893a583d8968ab3a6626e2289faec9152
      Built silentcipher @ git+https://github.com/SesameAILabs/silentcipher.git@d46d7d0893a583d8968ab3a6626e2289faec9152
 Downloaded torch
Prepared 13 packages in 21.48s
warning: Failed to hardlink files; falling back to full copy. This may lead to degraded performance.
         If the cache and target directories are on different filesystems, hardlinking may not be supported.
         If this is intentional, set `export UV_LINK_MODE=copy` or use `--link-mode=copy` to suppress this warning.
Installed 151 packages in 38.47s
 + absl-py==2.4.0
 + accelerate==1.13.0
 + aiofiles==24.1.0
 + aiohappyeyeballs==2.6.1
 + aiohttp==3.13.3
 + aiosignal==1.4.0
 + annotated-doc==0.0.4
 + annotated-types==0.7.0
 + anyio==4.12.1
 + argbind==0.3.9
 + asttokens==3.0.1
 + attrs==25.4.0
 + audioread==3.1.0
 + blinker==1.9.0
 + brotli==1.2.0
 + certifi==2026.1.4
 + cffi==2.0.0
 + charset-normalizer==3.4.4
 + click==8.4.2
 + colorama==0.4.6
 + contourpy==1.3.3
 + cycler==0.12.1
 + dacvae==1.0.0 (from git+https://github.com/facebookresearch/dacvae@414c20785fc3a28373073ea8ef7a1316eeeaca6e)
 + datasets==4.5.0
 + decorator==5.2.1
 + descript-audiotools==0.7.2
 + dill==0.4.0
 + docstring-parser==0.17.0
 + einops==0.8.2
 + executing==2.2.1
 + fastapi==0.129.2
 + ffmpy==1.0.0
 + filelock==3.20.3
 + fire==0.7.1
 + flask==3.1.3
 + flatten-dict==0.4.2
 + fonttools==4.61.1
 + frozenlist==1.8.0
 + fsspec==2025.10.0
 + gitdb==4.0.12
 + gitpython==3.1.46
 + gradio==6.6.0
 + gradio-client==2.1.0
 + groovy==0.1.2
 + grpcio==1.78.0
 + h11==0.16.0
 + hf-xet==1.5.1
 + httpcore==1.0.9
 + httpx==0.28.1
 + huggingface-hub==1.23.0
 + idna==3.11
 + importlib-resources==6.5.2
 + ipython==9.10.0
 + ipython-pygments-lexers==1.1.1
 + itsdangerous==2.2.0
 + jedi==0.19.2
 + jinja2==3.1.6
 + joblib==1.5.3
 + julius==0.2.7
 + kiwisolver==1.4.9
 + lazy-loader==0.4
 + librosa==0.11.0
 + llvmlite==0.46.0
 + markdown==3.10.2
 + markdown-it-py==4.0.0
 + markdown2==2.5.4
 + markupsafe==3.0.3
 + matplotlib==3.10.8
 + matplotlib-inline==0.2.1
 + mdurl==0.1.2
 + mpmath==1.3.0
 + msgpack==1.1.2
 + multidict==6.7.1
 + multiprocess==0.70.18
 + networkx==3.6.1
 + numba==0.63.1
 + numpy==2.3.5
 + orjson==3.11.7
 + packaging==26.0
 + pandas==3.0.0
 + parso==0.8.6
 + peft==0.18.1
 + pillow==12.1.1
 + platformdirs==4.5.1
 + pooch==1.9.0
 + prompt-toolkit==3.0.52
 + propcache==0.4.1
 + protobuf==3.19.6
 + psutil==7.2.2
 + pure-eval==0.2.3
 + pyaml==26.2.1
 + pyarrow==23.0.0
 + pycparser==3.0
 + pydantic==2.12.5
 + pydantic-core==2.41.5
 + pydub==0.25.1
 + pygments==2.19.2
 + pyloudnorm==0.2.0
 + pyparsing==3.3.2
 + pystoi==0.4.1
 + python-dateutil==2.9.0.post0
 + python-multipart==0.0.22
 + pytz==2025.2
 + pyyaml==6.0.3
 + randomname==0.2.1
 + regex==2026.1.15
 + requests==2.32.5
 + rich==14.3.2
 + safehttpx==0.1.7
 + safetensors==0.7.0
 + scikit-learn==1.8.0
 + scipy==1.17.0
 + semantic-version==2.10.0
 + sentencepiece==0.1.99
 + sentry-sdk==2.53.0
 + setuptools==82.0.0
 + shellingham==1.5.4
 + silentcipher==1.0.5 (from git+https://github.com/SesameAILabs/silentcipher.git@d46d7d0893a583d8968ab3a6626e2289faec9152)
 + six==1.17.0
 + smmap==5.0.2
 + soundfile==0.13.1
 + soxr==1.0.0
 + stack-data==0.6.3
 + starlette==0.52.1
 + sympy==1.14.0
 + tensorboard==2.20.0
 + tensorboard-data-server==0.7.2
 + termcolor==3.3.0
 + threadpoolctl==3.6.0
 + tokenizers==0.22.2
 + tomlkit==0.13.3
 + torch==2.10.0+cu128
 + torch-stoi==0.2.3
 + torchao==0.16.0
 + torchaudio==2.10.0+cu128
 + torchcodec==0.10.0
 + torchdata==0.11.0
 + tqdm==4.67.3
 + traitlets==5.14.3
 + transformers==5.12.1
 + typer==0.24.1
 + typing-extensions==4.15.0
 + typing-inspection==0.4.2
 + tzdata==2025.3
 + urllib3==2.6.3
 + uvicorn==0.41.0
 + wandb==0.25.0
 + wcwidth==0.6.0
 + werkzeug==3.1.5
 + xxhash==3.6.0
 + yarl==1.22.0
