DOWNLOAD Irodori-TTS-v4-Small 4c92c7ee2bb15c19a97cf4e86d24fd6bf33b0135

Fetching 3 files:   0%|          | 0/3 [00:00<?, ?it/s]
Fetching 3 files: 100%|██████████| 3/3 [00:00<00:00, 280.35it/s]
ENV 2.10.0+cu128 12.8 NVIDIA GeForce RTX 5090
W0907 21:36:47.736000 42216 .venv\Lib\site-packages\torch\distributed\elastic\multiprocessing\redirects.py:29] NOTE: Redirects are currently not supported in Windows or MacOs.
[codec] dacvae: hf://Aratako/Semantic-DACVAE-Japanese-32dim -> C:\Users\rero2\.cache\huggingface\hub\models--Aratako--Semantic-DACVAE-Japanese-32dim\snapshots\47376ee24834d7a05a48ebabfe3cde29b3c5e214\weights.pth
E:\programming\AI_generative\fm-live-radio\third_party\irodori-v4-research\Irodori-TTS-8224dafb46d0aba89209a8f905f1cb7e3299d9c1\.venv\Lib\site-packages\torch\nn\utils\weight_norm.py:144: FutureWarning: `torch.nn.utils.weight_norm` is deprecated in favor of `torch.nn.utils.parametrizations.weight_norm`.
  WeightNorm.apply(module, name, dim)
ckpt path or config path does not exist! Downloading the model from the Hugging Face Hub...

Fetching 13 files:   0%|          | 0/13 [00:00<?, ?it/s]
Fetching 13 files: 100%|██████████| 13/13 [00:00<00:00, 6501.25it/s]
LOADED 34.23193919999994 watermark True
REFERENCE 10.0 48000
[runtime] start synthesize model_device=cuda model_precision=fp32 codec_device=cuda codec_precision=fp32 silentcipher_watermark=True mode=independent seconds=None steps=40 seed=0 candidates=1 decode_mode=sequential
[runtime] using seed: 0
[runtime] tokenize_text: 3.5 ms
info: reference loudness normalize enabled per clip (target_db=-16.00, includes peak safety scaling).
[runtime] prepare_reference: 518.2 ms
info: predicted duration frames=6.9, scale=1.000, using_frames=13 (0.520s).
[runtime] predict_duration: 550.0 ms
[runtime] sample_rf: 2613.3 ms
[runtime] unpatchify_latent: 0.0 ms
[runtime] decode_latent (sequential): 206.6 ms
Using the default SDR of 47 dB
WARNING! Reducing the sampling rate of the original audio from 48000 -> 44100. High frequency components may be lost!
[runtime] silentcipher_watermark: 477.7 ms
[runtime] total_to_decode: 4.404 s
[runtime] done synthesize
RESULT {"name": "reference", "text": "こんにちは。今日はラジオの音声合成を確認します。", "caption": null, "seed": 0, "wall_seconds": 4.410093200000006, "audio_seconds": 0.52, "sample_rate": 48000, "frames": 24960, "finite": true, "peak": 0.6088933348655701, "rms": 0.10067872703075409, "peak_cuda_allocated_mib": 4629.00146484375, "peak_cuda_reserved_mib": 5328.0, "file": "third_party\\irodori-v4-research\\v4-reference.wav", "sha256": "859c3f311006551b06eb62d2d200484f1a9bafb0019f06ef39adbefc76dc6f40", "stage_timings": [["tokenize_text", 0.0034736999999722684], ["prepare_reference", 0.5181716999999253], ["predict_duration", 0.5500266000000238], ["sample_rf", 2.613269100000025], ["unpatchify_latent", 1.6799999912109342e-05], ["decode_latent", 0.20662930000003144], ["silentcipher_watermark", 0.47768410000003314]], "messages": ["info: reference loudness normalize enabled per clip (target_db=-16.00, includes peak safety scaling).", "info: predicted duration frames=6.9, scale=1.000, using_frames=13 (0.520s)."], "rtf": 8.480948461538473}
