DOWNLOAD Irodori-TTS-v4-Small 4c92c7ee2bb15c19a97cf4e86d24fd6bf33b0135

Fetching 3 files:   0%|          | 0/3 [00:00<?, ?it/s]
Fetching 3 files: 100%|██████████| 3/3 [00:00<00:00, 351.31it/s]
MODEL_SHA256 5863c986345d9f6d20b7d8748fee1af02079c5161cf0c9e52557da0a0c378593
ENV 2.10.0+cu128 12.8 NVIDIA GeForce RTX 5090
W0907 21:39:06.687000 29408 .venv\Lib\site-packages\torch\distributed\elastic\multiprocessing\redirects.py:29] NOTE: Redirects are currently not supported in Windows or MacOs.
[codec] dacvae: hf://Aratako/Semantic-DACVAE-Japanese-32dim -> C:\Users\rero2\.cache\huggingface\hub\models--Aratako--Semantic-DACVAE-Japanese-32dim\snapshots\47376ee24834d7a05a48ebabfe3cde29b3c5e214\weights.pth
E:\programming\AI_generative\fm-live-radio\third_party\irodori-v4-research\Irodori-TTS-8224dafb46d0aba89209a8f905f1cb7e3299d9c1\.venv\Lib\site-packages\torch\nn\utils\weight_norm.py:144: FutureWarning: `torch.nn.utils.weight_norm` is deprecated in favor of `torch.nn.utils.parametrizations.weight_norm`.
  WeightNorm.apply(module, name, dim)
ckpt path or config path does not exist! Downloading the model from the Hugging Face Hub...

Fetching 13 files:   0%|          | 0/13 [00:00<?, ?it/s]
Fetching 13 files: 100%|██████████| 13/13 [00:00<00:00, 12982.37it/s]
LOADED 15.873272099999895 watermark True
REFERENCE 10.0 48000
[runtime] start synthesize model_device=cuda model_precision=fp32 codec_device=cuda codec_precision=fp32 silentcipher_watermark=True mode=independent seconds=None steps=40 seed=0 candidates=1 decode_mode=sequential
[runtime] using seed: 0
[runtime] tokenize_text: 3.1 ms
info: reference loudness normalize enabled per clip (target_db=-16.00, includes peak safety scaling).
[runtime] prepare_reference: 222.6 ms
info: predicted duration frames=121.4, scale=1.000, using_frames=121 (4.840s).
[runtime] predict_duration: 447.2 ms
[runtime] sample_rf: 3177.3 ms
[runtime] unpatchify_latent: 0.0 ms
[runtime] decode_latent (sequential): 985.1 ms
Using the default SDR of 47 dB
WARNING! Reducing the sampling rate of the original audio from 48000 -> 44100. High frequency components may be lost!
[runtime] silentcipher_watermark: 230.7 ms
[runtime] total_to_decode: 5.099 s
[runtime] done synthesize
RESULT {"name": "reference", "text": "こんにちは。今日はラジオの音声合成を確認します。", "caption": null, "seed": 0, "wall_seconds": 5.099862600000051, "audio_seconds": 4.84, "sample_rate": 48000, "frames": 232320, "finite": true, "peak": 0.8918560743331909, "rms": 0.16090866923332214, "peak_cuda_allocated_mib": 4233.248046875, "peak_cuda_reserved_mib": 4636.0, "file": "third_party\\irodori-v4-research\\v4-reference.wav", "sha256": "14feb38637b7161deb12fba62b6b4d2eff95881912efa071724ad4c82830d5a4", "stage_timings": [["tokenize_text", 0.0030506999999033724], ["prepare_reference", 0.22257459999991624], ["predict_duration", 0.44724859999996625], ["sample_rf", 3.1772516000000905], ["unpatchify_latent", 1.4400000054592965e-05], ["decode_latent", 0.9851015000001553], ["silentcipher_watermark", 0.23074130000009063]], "messages": ["info: reference loudness normalize enabled per clip (target_db=-16.00, includes peak safety scaling).", "info: predicted duration frames=121.4, scale=1.000, using_frames=121 (4.840s)."], "rtf": 1.0536906198347213}
