DOWNLOAD Irodori-TTS-v4.1-Small 2b28324dc263ed5e6638b3cf3dd94c82ead07b4b

Fetching 3 files:   0%|          | 0/3 [00:00<?, ?it/s]
Fetching 3 files: 100%|██████████| 3/3 [00:00<00:00, 369.65it/s]
ENV 2.10.0+cu128 12.8 NVIDIA GeForce RTX 5090
TOKENIZER_PARITY [('こんにちは。今日はラジオの音声合成を確認します。', False), ('東京都では、九月七日の午後三時から新しい催しが始まります。', False), ('AIと音楽、価格は1,234円です。', False), ('あははっ🤭、楽しいですね。', False), ('𠮷野家と髙橋さん。', False), (' hello  world ', False)]
W0907 21:17:52.369000 2452 .venv\Lib\site-packages\torch\distributed\elastic\multiprocessing\redirects.py:29] NOTE: Redirects are currently not supported in Windows or MacOs.
[codec] dacvae: hf://Aratako/Semantic-DACVAE-Japanese-32dim -> C:\Users\rero2\.cache\huggingface\hub\models--Aratako--Semantic-DACVAE-Japanese-32dim\snapshots\47376ee24834d7a05a48ebabfe3cde29b3c5e214\weights.pth
E:\programming\AI_generative\fm-live-radio\third_party\irodori-v4-research\Irodori-TTS-8224dafb46d0aba89209a8f905f1cb7e3299d9c1\.venv\Lib\site-packages\torch\nn\utils\weight_norm.py:144: FutureWarning: `torch.nn.utils.weight_norm` is deprecated in favor of `torch.nn.utils.parametrizations.weight_norm`.
  WeightNorm.apply(module, name, dim)
ckpt path or config path does not exist! Downloading the model from the Hugging Face Hub...

Fetching 13 files:   0%|          | 0/13 [00:00<?, ?it/s]
Fetching 13 files:   8%|▊         | 1/13 [00:00<00:08,  1.45it/s]
Fetching 13 files:  15%|█▌        | 2/13 [00:02<00:11,  1.07s/it]
Fetching 13 files:  23%|██▎       | 3/13 [00:02<00:08,  1.14it/s]
Fetching 13 files:  46%|████▌     | 6/13 [00:03<00:03,  2.17it/s]
Fetching 13 files:  85%|████████▍ | 11/13 [00:04<00:00,  3.15it/s]
Fetching 13 files: 100%|██████████| 13/13 [00:04<00:00,  2.85it/s]
LOADED 23.632390299986582 watermark True
REFERENCE 10.0 48000
[runtime] start synthesize model_device=cuda model_precision=fp32 codec_device=cuda codec_precision=fp32 silentcipher_watermark=True mode=independent seconds=None steps=40 seed=0 candidates=1 decode_mode=sequential
[runtime] using seed: 0
[runtime] tokenize_text: 0.7 ms
info: reference loudness normalize enabled per clip (target_db=-16.00, includes peak safety scaling).
[runtime] prepare_reference: 858.5 ms
info: predicted duration frames=119.7, scale=1.000, using_frames=120 (4.800s).
[runtime] predict_duration: 447.3 ms
[runtime] sample_rf: 2314.6 ms
[runtime] unpatchify_latent: 0.0 ms
[runtime] decode_latent (sequential): 93.5 ms
Using the default SDR of 47 dB
WARNING! Reducing the sampling rate of the original audio from 48000 -> 44100. High frequency components may be lost!
[runtime] silentcipher_watermark: 316.6 ms
[runtime] total_to_decode: 4.065 s
[runtime] done synthesize
RESULT {"name": "reference", "text": "こんにちは。今日はラジオの音声合成を確認します。", "caption": null, "seed": 0, "wall_seconds": 4.06546030001482, "audio_seconds": 4.8, "sample_rate": 48000, "frames": 230400, "finite": true, "peak": 0.8977535963058472, "rms": 0.16083945333957672, "peak_cuda_allocated_mib": 4225.95947265625, "peak_cuda_reserved_mib": 4634.0, "file": "third_party\\irodori-v4-research\\v4.1-reference.wav", "sha256": "a0db9beccc51fcf71e1c9d853360333c0b3db4b2488841ce9b221b17cf3430c9", "stage_timings": [["tokenize_text", 0.0007474000449292362], ["prepare_reference", 0.858544200018514], ["predict_duration", 0.44728820002637804], ["sample_rf", 2.3145587000180967], ["unpatchify_latent", 1.4899997040629387e-05], ["decode_latent", 0.0934959999867715], ["silentcipher_watermark", 0.3165961999911815]], "messages": ["info: reference loudness normalize enabled per clip (target_db=-16.00, includes peak safety scaling).", "info: predicted duration frames=119.7, scale=1.000, using_frames=120 (4.800s)."], "rtf": 0.8469708958364208}
[runtime] start synthesize model_device=cuda model_precision=fp32 codec_device=cuda codec_precision=fp32 silentcipher_watermark=True mode=independent seconds=None steps=40 seed=0 candidates=1 decode_mode=sequential
[runtime] using seed: 0
[runtime] tokenize_text: 0.6 ms
info: reference loudness normalize enabled per clip (target_db=-16.00, includes peak safety scaling).
[runtime] prepare_reference: 64.9 ms
info: predicted duration frames=119.7, scale=1.000, using_frames=120 (4.800s).
[runtime] predict_duration: 54.0 ms
[runtime] sample_rf: 2870.8 ms
[runtime] unpatchify_latent: 0.0 ms
[runtime] decode_latent (sequential): 799.2 ms
Using the default SDR of 47 dB
WARNING! Reducing the sampling rate of the original audio from 48000 -> 44100. High frequency components may be lost!
[runtime] silentcipher_watermark: 100.8 ms
[runtime] total_to_decode: 3.892 s
[runtime] done synthesize
RESULT {"name": "reference_warm", "text": "こんにちは。今日はラジオの音声合成を確認します。", "caption": null, "seed": 0, "wall_seconds": 3.891751100018155, "audio_seconds": 4.8, "sample_rate": 48000, "frames": 230400, "finite": true, "peak": 0.8977535963058472, "rms": 0.16083945333957672, "peak_cuda_allocated_mib": 4423.33251953125, "peak_cuda_reserved_mib": 4810.0, "file": "third_party\\irodori-v4-research\\v4.1-reference_warm.wav", "sha256": "a0db9beccc51fcf71e1c9d853360333c0b3db4b2488841ce9b221b17cf3430c9", "stage_timings": [["tokenize_text", 0.0005521999555639923], ["prepare_reference", 0.06494020001264289], ["predict_duration", 0.05395000003045425], ["sample_rf", 2.8708102999953553], ["unpatchify_latent", 1.9599974621087313e-05], ["decode_latent", 0.7991892999853007], ["silentcipher_watermark", 0.10079039999982342]], "messages": ["info: reference loudness normalize enabled per clip (target_db=-16.00, includes peak safety scaling).", "info: predicted duration frames=119.7, scale=1.000, using_frames=120 (4.800s)."], "rtf": 0.810781479170449}
[runtime] start synthesize model_device=cuda model_precision=fp32 codec_device=cuda codec_precision=fp32 silentcipher_watermark=True mode=independent seconds=None steps=40 seed=1 candidates=1 decode_mode=sequential
[runtime] using seed: 1
[runtime] tokenize_text: 0.7 ms
info: reference loudness normalize enabled per clip (target_db=-16.00, includes peak safety scaling).
[runtime] prepare_reference: 108.8 ms
info: predicted duration frames=146.7, scale=1.000, using_frames=147 (5.880s).
[runtime] predict_duration: 161.4 ms
[runtime] sample_rf: 2860.2 ms
[runtime] unpatchify_latent: 0.0 ms
[runtime] decode_latent (sequential): 681.6 ms
Using the default SDR of 47 dB
WARNING! Reducing the sampling rate of the original audio from 48000 -> 44100. High frequency components may be lost!
[runtime] silentcipher_watermark: 146.1 ms
[runtime] total_to_decode: 3.983 s
[runtime] done synthesize
RESULT {"name": "news", "text": "東京都では、九月七日の午後三時から新しい催しが始まります。", "caption": null, "seed": 1, "wall_seconds": 3.9830456000054255, "audio_seconds": 5.88, "sample_rate": 48000, "frames": 282240, "finite": true, "peak": 0.771332859992981, "rms": 0.16592346131801605, "peak_cuda_allocated_mib": 4423.58251953125, "peak_cuda_reserved_mib": 5048.0, "file": "third_party\\irodori-v4-research\\v4.1-news.wav", "sha256": "407147d095fe5add20d340e81fe1eab9c05477edc65fcd890e52856c0d29dc21", "stage_timings": [["tokenize_text", 0.0006655000033788383], ["prepare_reference", 0.10880649997852743], ["predict_duration", 0.16143259999807924], ["sample_rf", 2.860167100036051], ["unpatchify_latent", 1.4999997802078724e-05], ["decode_latent", 0.6815743999904953], ["silentcipher_watermark", 0.14608570002019405]], "messages": ["info: reference loudness normalize enabled per clip (target_db=-16.00, includes peak safety scaling).", "info: predicted duration frames=146.7, scale=1.000, using_frames=147 (5.880s)."], "rtf": 0.6773887074839159}
[runtime] start synthesize model_device=cuda model_precision=fp32 codec_device=cuda codec_precision=fp32 silentcipher_watermark=True mode=independent seconds=None steps=40 seed=0 candidates=1 decode_mode=sequential
[runtime] using seed: 0
[runtime] tokenize_text: 0.6 ms
info: reference loudness normalize enabled per clip (target_db=-16.00, includes peak safety scaling).
[runtime] prepare_reference: 104.7 ms
info: predicted duration frames=117.8, scale=1.000, using_frames=118 (4.720s).
[runtime] predict_duration: 154.2 ms
[runtime] sample_rf: 2718.9 ms
[runtime] unpatchify_latent: 0.0 ms
[runtime] decode_latent (sequential): 742.1 ms
Using the default SDR of 47 dB
WARNING! Reducing the sampling rate of the original audio from 48000 -> 44100. High frequency components may be lost!
[runtime] silentcipher_watermark: 147.8 ms
[runtime] total_to_decode: 3.887 s
[runtime] done synthesize
RESULT {"name": "caption_reference", "text": "こんにちは。今日はラジオの音声合成を確認します。", "caption": "落ち着いて、聞き取りやすくニュースを読む。", "seed": 0, "wall_seconds": 3.8881413000053726, "audio_seconds": 4.72, "sample_rate": 48000, "frames": 226560, "finite": true, "peak": 0.8888713717460632, "rms": 0.16096395254135132, "peak_cuda_allocated_mib": 4423.91748046875, "peak_cuda_reserved_mib": 5048.0, "file": "third_party\\irodori-v4-research\\v4.1-caption_reference.wav", "sha256": "f4a3e3d475be1f52ec77d2764440f427e3a24ce241b70ad864c1db7695724f40", "stage_timings": [["tokenize_text", 0.0005805999971926212], ["prepare_reference", 0.10468059999402612], ["predict_duration", 0.1541898000286892], ["sample_rf", 2.718910900002811], ["unpatchify_latent", 1.650000922381878e-05], ["decode_latent", 0.7420989000238478], ["silentcipher_watermark", 0.1478283999604173]], "messages": ["info: reference loudness normalize enabled per clip (target_db=-16.00, includes peak safety scaling).", "info: predicted duration frames=117.8, scale=1.000, using_frames=118 (4.720s)."], "rtf": 0.8237587500011383}
[runtime] start synthesize model_device=cuda model_precision=fp32 codec_device=cuda codec_precision=fp32 silentcipher_watermark=True mode=independent seconds=None steps=40 seed=0 candidates=1 decode_mode=sequential
info: speaker conditioning is disabled for this checkpoint or request; ignoring cfg_scale_speaker.
[runtime] using seed: 0
[runtime] tokenize_text: 0.6 ms
[runtime] prepare_reference: 4.0 ms
info: predicted duration frames=124.9, scale=1.000, using_frames=125 (5.000s).
[runtime] predict_duration: 148.5 ms
[runtime] sample_rf: 2928.8 ms
[runtime] unpatchify_latent: 0.0 ms
[runtime] decode_latent (sequential): 617.8 ms
Using the default SDR of 47 dB
WARNING! Reducing the sampling rate of the original audio from 48000 -> 44100. High frequency components may be lost!
[runtime] silentcipher_watermark: 108.3 ms
[runtime] total_to_decode: 3.835 s
[runtime] done synthesize
RESULT {"name": "caption_only", "text": "こんにちは。今日はラジオの音声合成を確認します。", "caption": "落ち着いた女性の声で、聞き取りやすくニュースを読む。", "seed": 0, "wall_seconds": 3.8356426000245847, "audio_seconds": 5.0, "sample_rate": 48000, "frames": 240000, "finite": true, "peak": 0.9337835907936096, "rms": 0.16170978546142578, "peak_cuda_allocated_mib": 4423.91748046875, "peak_cuda_reserved_mib": 5048.0, "file": "third_party\\irodori-v4-research\\v4.1-caption_only.wav", "sha256": "d0537b4b4807707073934cd41d16c711ec06d26131d357daf6e77c9c803b0563", "stage_timings": [["tokenize_text", 0.0006188999977894127], ["prepare_reference", 0.0040324999717995524], ["predict_duration", 0.14845019998028874], ["sample_rf", 2.928819500026293], ["unpatchify_latent", 1.810002140700817e-05], ["decode_latent", 0.6177578000351787], ["silentcipher_watermark", 0.10832680005114526]], "messages": ["info: speaker conditioning is disabled for this checkpoint or request; ignoring cfg_scale_speaker.", "info: predicted duration frames=124.9, scale=1.000, using_frames=125 (5.000s)."], "rtf": 0.7671285200049169}
